{"trial": "n02-t1-exporter", "supervisor_status": "completed", "worker_status": "accepted"}
{"trial": "n02-t1-ric3", "supervisor_status": "completed", "worker_status": "accepted"}
{"trial": "n02-t1-structural", "supervisor_status": "completed", "worker_status": "structural_accepted"}
{"trial": "n04-t1-exporter", "supervisor_status": "completed", "worker_status": "accepted"}
{"trial": "n04-t1-ric3", "supervisor_status": "completed", "worker_status": "accepted"}
{"trial": "n04-t1-structural", "supervisor_status": "completed", "worker_status": "structural_accepted"}
{"trial": "n08-t1-exporter", "supervisor_status": "completed", "worker_status": "accepted"}
{"trial": "n08-t1-ric3", "supervisor_status": "resource_limit", "worker_status": null}
{"trial": "n08-t1-structural", "supervisor_status": "completed", "worker_status": "structural_accepted"}
{"trial": "n12-t1-exporter", "supervisor_status": "resource_limit", "worker_status": null}
{"trial": "n12-t1-ric3", "supervisor_status": "resource_limit", "worker_status": null}
{"trial": "n12-t1-structural", "supervisor_status": "completed", "worker_status": "structural_accepted"}
{"trial": "n16-t1-exporter", "supervisor_status": "resource_limit", "worker_status": null}
{"trial": "n16-t1-ric3", "supervisor_status": "resource_limit", "worker_status": null}
{"trial": "n16-t1-structural", "supervisor_status": "completed", "worker_status": "structural_accepted"}
{"trial": "n24-t1-exporter", "supervisor_status": "resource_limit", "worker_status": null}
{"trial": "n24-t1-ric3", "supervisor_status": "resource_limit", "worker_status": null}
{"trial": "n24-t1-structural", "supervisor_status": "completed", "worker_status": "structural_accepted"}
{"trial": "n02-t2-ric3", "supervisor_status": "completed", "worker_status": "accepted"}
{"trial": "n02-t2-exporter", "supervisor_status": "completed", "worker_status": "accepted"}
{"trial": "n02-t2-structural", "supervisor_status": "completed", "worker_status": "structural_accepted"}
{"trial": "n04-t2-ric3", "supervisor_status": "completed", "worker_status": "accepted"}
{"trial": "n04-t2-exporter", "supervisor_status": "completed", "worker_status": "accepted"}
{"trial": "n04-t2-structural", "supervisor_status": "completed", "worker_status": "structural_accepted"}
{"trial": "n08-t2-ric3", "supervisor_status": "resource_limit", "worker_status": null}
{"trial": "n08-t2-exporter", "supervisor_status": "completed", "worker_status": "accepted"}
{"trial": "n08-t2-structural", "supervisor_status": "completed", "worker_status": "structural_accepted"}
{"trial": "n12-t2-ric3", "supervisor_status": "resource_limit", "worker_status": null}
{"trial": "n12-t2-exporter", "supervisor_status": "resource_limit", "worker_status": null}
{"trial": "n12-t2-structural", "supervisor_status": "completed", "worker_status": "structural_accepted"}
{"trial": "n16-t2-ric3", "supervisor_status": "resource_limit", "worker_status": null}
{"trial": "n16-t2-exporter", "supervisor_status": "resource_limit", "worker_status": null}
Traceback (most recent call last):
  File "<frozen runpy>", line 198, in _run_module_as_main
  File "<frozen runpy>", line 88, in _run_code
  File "/workspace/scratch/9781207fd51b/Algebraic-Loop-Certificates/research/completion_v1/study.py", line 309, in <module>
    main()
  File "/workspace/scratch/9781207fd51b/Algebraic-Loop-Certificates/research/completion_v1/study.py", line 305, in main
    execute(args.freeze.resolve(), args.tools.resolve(), args.output.resolve())
  File "/workspace/scratch/9781207fd51b/Algebraic-Loop-Certificates/research/completion_v1/study.py", line 292, in execute
    raise ValueError("Study suspended; retain every artifact and investigate " + row["id"])
ValueError: Study suspended; retain every artifact and investigate n16-t2-exporter
