   Compiling proc-macro2 v1.0.107
   Compiling unicode-ident v1.0.26
   Compiling quote v1.0.47
   Compiling libc v0.2.189
   Compiling syn v3.0.6
   Compiling syn v2.0.119
   Compiling serde_core v1.0.229
   Compiling cfg-if v1.0.5
   Compiling getrandom v0.4.3
   Compiling serde_derive v1.0.229
   Compiling zerocopy v0.8.57
   Compiling getrandom v0.3.4
   Compiling version_check v0.9.5
   Compiling bitflags v2.13.2
   Compiling ahash v0.8.12
   Compiling memchr v2.8.3
   Compiling heck v0.5.0
   Compiling autocfg v1.5.1
   Compiling rand_core v0.10.1
   Compiling rustix v1.1.5
   Compiling log v0.4.34
   Compiling serde v1.0.229
   Compiling cpufeatures v0.3.1
   Compiling once_cell v1.21.4
   Compiling linux-raw-sys v0.12.1
   Compiling chacha20 v0.10.2
   Compiling fastrand v2.5.0
   Compiling tempfile v3.27.0
   Compiling rand v0.10.2
   Compiling num-traits v0.2.19
   Compiling ident_case v1.0.1
   Compiling strsim v0.11.1
   Compiling giputils v0.3.6 (/workspace/scratch/9781207fd51b/ric3-native-src/deps/giputils)
   Compiling thiserror v2.0.20
   Compiling thiserror-impl v2.0.20
   Compiling zmij v1.0.23
   Compiling itoa v1.0.18
   Compiling unicode-width v0.2.2
   Compiling equivalent v1.0.2
   Compiling foldhash v0.2.0
   Compiling rustversion v1.0.23
   Compiling allocator-api2 v0.2.21
   Compiling shlex v2.0.1
   Compiling crossbeam-utils v0.8.23
   Compiling find-msvc-tools v0.1.13
   Compiling either v1.18.0
   Compiling cc v1.4.7
   Compiling darling_core v0.24.1
   Compiling strum_macros v0.28.0
   Compiling enumflags2_derive v0.7.12
   Compiling pin-project-lite v0.2.17
   Compiling enumflags2 v0.7.12
   Compiling strum v0.28.0
   Compiling darling_macro v0.24.1
   Compiling castaway v0.2.4
   Compiling itertools v0.14.0
   Compiling hashbrown v0.16.1
   Compiling hashbrown v0.17.1
   Compiling enum-as-inner v0.6.1
   Compiling errno v0.3.14
   Compiling ryu v1.0.23
   Compiling typenum v1.20.1
   Compiling minimal-lexical v0.2.1
   Compiling lazy_static v1.5.0
   Compiling futures-core v0.3.34
   Compiling inventory v0.3.24
   Compiling instability v0.3.13
   Compiling futures-sink v0.3.34
   Compiling arrayvec v0.7.8
   Compiling signal-hook v0.3.18
   Compiling static_assertions v1.1.0
   Compiling syn v1.0.109
   Compiling unicode-segmentation v1.13.3
   Compiling parking_lot_core v0.9.12
   Compiling unicode-truncate v2.0.1
   Compiling convert_case v0.10.0
   Compiling compact_str v0.9.1
   Compiling vte v0.14.1
   Compiling logicrs v0.6.1 (/workspace/scratch/9781207fd51b/ric3-native-src/deps/logicrs)
   Compiling nom v7.1.3
   Compiling signal-hook-registry v1.4.8
   Compiling lru v0.18.4
   Compiling kasuari v0.4.12
   Compiling darling v0.24.1
   Compiling mio v1.2.3
   Compiling time-core v0.1.9
   Compiling scopeguard v1.2.0
   Compiling crossbeam-epoch v0.9.21
   Compiling indoc v2.0.7
   Compiling smallvec v1.16.1
   Compiling critical-section v1.2.0
   Compiling num-conv v0.2.2
   Compiling serde_json v1.0.151
   Compiling utf8parse v0.2.2
   Compiling anstyle-parse v1.0.0
   Compiling time-macros v0.2.32
   Compiling ratatui-core v0.1.2
   Compiling lock_api v0.4.14
   Compiling ansitok v0.3.0
   Compiling derive_more-impl v2.1.1
   Compiling hybrid-array v0.4.15
   Compiling futures-channel v0.3.34
   Compiling num-integer v0.1.47
   Compiling darling_core v0.23.0
   Compiling aho-corasick v1.1.5
   Compiling futures-macro v0.3.34
   Compiling anstyle-query v1.1.5
   Compiling powerfmt v0.2.0
   Compiling deranged v0.5.8
   Compiling litrs v1.0.0
   Compiling bytemuck v1.25.2
   Compiling ref-cast v1.0.27
   Compiling futures-io v0.3.34
   Compiling colorchoice v1.0.5
   Compiling crossbeam-deque v0.8.8
   Compiling is_terminal_polyfill v1.70.2
   Compiling futures-task v0.3.34
   Compiling slab v0.4.12
   Compiling num_threads v0.1.7
   Compiling cfg_aliases v0.2.2
   Compiling anstyle v1.0.14
   Compiling regex-syntax v0.8.11
   Compiling anstream v1.0.0
   Compiling nix v0.31.3
   Compiling futures-util v0.3.34
   Compiling regex-automata v0.4.18
   Compiling time v0.3.55
   Compiling safe_arch v1.2.0
   Compiling document-features v0.2.12
   Compiling darling_macro v0.23.0
   Compiling derive_more v2.1.1
   Compiling signal-hook-mio v0.2.5
   Compiling parking_lot v0.12.5
   Compiling aig v0.4.6 (/workspace/scratch/9781207fd51b/ric3-native-src/deps/aig-rs)
   Compiling cmake v0.1.58
   Compiling matrixmultiply v0.3.11
   Compiling line-clipping v0.3.8
   Compiling getrandom v0.2.17
   Compiling ref-cast-impl v1.0.27
   Compiling tokio-macros v2.7.2
   Compiling serde_derive_internals v0.30.0
   Compiling pkg-config v0.3.34
   Compiling rayon-core v1.13.0
   Compiling iana-time-zone v0.1.65
   Compiling bytes v1.12.1
   Compiling typeid v1.0.3
   Compiling tokio v1.53.1
   Compiling chrono v0.4.45
   Compiling schemars_derive v1.2.2
   Compiling smtif-bitwuzla v0.1.0 (/workspace/scratch/9781207fd51b/ric3-native-src/deps/bitwuzla-rs)
   Compiling uuid v0.8.2
   Compiling satif-cadical v0.2.2 (/workspace/scratch/9781207fd51b/ric3-native-src/deps/cadical-rs)
   Compiling ratatui-widgets v0.3.2
   Compiling crossterm v0.29.0
   Compiling darling v0.23.0
   Compiling wide v1.7.1
   Compiling regex v1.13.1
   Compiling futures-executor v0.3.34
   Compiling linkme-impl v0.2.10
   Compiling block-buffer v0.12.1
   Compiling crypto-common v0.2.2
   Compiling ansi-str v0.9.0
   Compiling cobs v0.3.0
   Compiling num-complex v0.4.6
   Compiling approx v0.5.1
   Compiling satif-kissat v0.5.2 (/workspace/scratch/9781207fd51b/ric3-native-src/deps/kissat-rs)
   Compiling tracing-core v0.1.36
   Compiling tracing-attributes v0.1.31
   Compiling jiff-core v0.1.1
   Compiling fnv v1.0.7
   Compiling dyn-clone v1.0.20
   Compiling rawpointer v0.2.1
   Compiling const-oid v0.10.2
   Compiling rmcp v2.2.0
   Compiling bytecount v0.6.9
   Compiling winnow v1.0.4
   Compiling clap_lex v1.1.1
   Compiling anyhow v1.0.104
   Compiling toml_parser v1.1.3+spec-1.1.0
   Compiling clap_builder v4.6.7
   Compiling papergrid v0.18.0
   Compiling digest v0.11.3
   Compiling schemars v1.2.2
   Compiling simba v0.10.2
   Compiling jiff v0.2.37
   Compiling tracing v0.1.44
   Compiling postcard v1.1.3
   Compiling linkme v0.2.10
   Compiling futures v0.3.34
   Compiling env_filter v2.0.0
   Compiling rmcp-macros v2.2.0
   Compiling ratatui-crossterm v0.1.2
   Compiling ratatui-macros v0.7.2
   Compiling intertrait-macros v0.2.2
warning: smtif-bitwuzla@0.1.0: Bitwuzla not found. The library will panic at runtime if used. Please install it from https://github.com/bitwuzla/bitwuzla
   Compiling tokio-util v0.7.19
   Compiling num-bigint v0.4.8
   Compiling num-rational v0.4.2
   Compiling testing_table v0.3.0
   Compiling crossbeam-channel v0.5.17
   Compiling uuid v1.26.1
   Compiling tabled_derive v0.12.0
   Compiling clap_derive v4.6.7
   Compiling serde_spanned v1.1.1
   Compiling toml_datetime v1.1.1+spec-1.1.0
   Compiling nalgebra-macros v0.3.0
   Compiling async-trait v0.1.92
   Compiling base64 v0.22.1
   Compiling pastey v0.2.3
   Compiling toml_writer v1.1.2+spec-1.1.0
   Compiling rustc-hash v2.1.3
   Compiling ipc-channel v0.22.0
   Compiling toml v1.1.6+spec-1.1.0
   Compiling ron v0.12.2
   Compiling nalgebra v0.35.0
   Compiling clap v4.6.7
   Compiling tabled v0.22.0
   Compiling btor v0.2.2 (/workspace/scratch/9781207fd51b/ric3-native-src/deps/btor-rs)
   Compiling intertrait v0.2.2
   Compiling ratatui v0.30.2
   Compiling rayon v1.12.0
   Compiling env_logger v0.11.11
   Compiling ctrlc v3.5.2
   Compiling sha2 v0.11.0
   Compiling enum-as-inner v0.7.0
   Compiling bitfield-struct v0.13.0
   Compiling memory-stats v1.2.0
   Compiling fork v0.10.0
   Compiling vcd v0.7.0
   Compiling rIC3 v1.5.2 (/workspace/scratch/9781207fd51b/ric3-native-src)
    Finished `release` profile [optimized] target(s) in 2m 54s
