`` Cleaning up...
removed 'src/map/if/acd/ac_wrapper.o'
removed 'src/misc/util/utilPrefix.o'
removed 'src/opt/rar/rewireMiaig.o'
removed 'src/opt/eslim/eSLIM.o'
removed 'src/opt/eslim/eslimCirMan.o'
removed 'src/opt/eslim/relationGeneration.o'
removed 'src/opt/eslim/subcircuit.o'
removed 'src/opt/eslim/relationSynthesiser.o'
removed 'src/opt/eslim/areaEngine.o'
removed 'src/opt/eslim/delayEngine.o'
removed 'src/opt/ufar/UfarCmd.o'
removed 'src/opt/ufar/UfarPth.o'
removed 'src/opt/ufar/UfarMgr.o'
removed 'src/opt/untk/NtkCmd.o'
removed 'src/opt/untk/Netlist.o'
removed 'src/opt/untk/NtkNtk.o'
removed 'src/opt/util/util.o'
removed 'src/sat/glucose/AbcGlucose.o'
removed 'src/sat/glucose/AbcGlucoseCmd.o'
removed 'src/sat/glucose/Glucose.o'
removed 'src/sat/glucose/Options.o'
removed 'src/sat/glucose/SimpSolver.o'
removed 'src/sat/glucose/System.o'
removed 'src/sat/glucose2/AbcGlucose2.o'
removed 'src/sat/glucose2/AbcGlucoseCmd2.o'
removed 'src/sat/glucose2/Glucose2.o'
removed 'src/sat/glucose2/Options2.o'
removed 'src/sat/glucose2/SimpSolver2.o'
removed 'src/sat/glucose2/System2.o'
removed 'src/sat/cadical/cadical_analyze.o'
removed 'src/sat/cadical/cadical_arena.o'
removed 'src/sat/cadical/cadical_assume.o'
removed 'src/sat/cadical/cadical_averages.o'
removed 'src/sat/cadical/cadical_backbone.o'
removed 'src/sat/cadical/cadical_backtrack.o'
removed 'src/sat/cadical/cadical_backward.o'
removed 'src/sat/cadical/cadical_bins.o'
removed 'src/sat/cadical/cadical_block.o'
removed 'src/sat/cadical/cadical_ccadical.o'
removed 'src/sat/cadical/cadical_checker.o'
removed 'src/sat/cadical/cadical_clause.o'
removed 'src/sat/cadical/cadical_collect.o'
removed 'src/sat/cadical/cadical_compact.o'
removed 'src/sat/cadical/cadical_condition.o'
removed 'src/sat/cadical/cadical_config.o'
removed 'src/sat/cadical/cadical_congruence.o'
removed 'src/sat/cadical/cadical_constrain.o'
removed 'src/sat/cadical/cadical_contract.o'
removed 'src/sat/cadical/cadical_cover.o'
removed 'src/sat/cadical/cadical_decide.o'
removed 'src/sat/cadical/cadical_decompose.o'
removed 'src/sat/cadical/cadical_deduplicate.o'
removed 'src/sat/cadical/cadical_definition.o'
removed 'src/sat/cadical/cadical_drattracer.o'
removed 'src/sat/cadical/cadical_elim.o'
removed 'src/sat/cadical/cadical_elimfast.o'
removed 'src/sat/cadical/cadical_ema.o'
removed 'src/sat/cadical/cadical_extend.o'
removed 'src/sat/cadical/cadical_external.o'
removed 'src/sat/cadical/cadical_external_propagate.o'
removed 'src/sat/cadical/cadical_factor.o'
removed 'src/sat/cadical/cadical_file.o'
removed 'src/sat/cadical/cadical_flags.o'
removed 'src/sat/cadical/cadical_flip.o'
removed 'src/sat/cadical/cadical_format.o'
removed 'src/sat/cadical/cadical_frattracer.o'
removed 'src/sat/cadical/cadical_gates.o'
removed 'src/sat/cadical/cadical_idruptracer.o'
removed 'src/sat/cadical/cadical_instantiate.o'
removed 'src/sat/cadical/cadical_internal.o'
removed 'src/sat/cadical/cadical_ipasir.o'
removed 'src/sat/cadical/cadical_lidruptracer.o'
removed 'src/sat/cadical/cadical_limit.o'
removed 'src/sat/cadical/cadical_logging.o'
removed 'src/sat/cadical/cadical_lookahead.o'
removed 'src/sat/cadical/cadical_lratchecker.o'
removed 'src/sat/cadical/cadical_lrattracer.o'
removed 'src/sat/cadical/cadical_lucky.o'
removed 'src/sat/cadical/cadical_message.o'
removed 'src/sat/cadical/cadical_minimize.o'
removed 'src/sat/cadical/cadical_occs.o'
removed 'src/sat/cadical/cadical_options.o'
removed 'src/sat/cadical/cadical_parse.o'
removed 'src/sat/cadical/cadical_phases.o'
removed 'src/sat/cadical/cadical_probe.o'
removed 'src/sat/cadical/cadical_profile.o'
removed 'src/sat/cadical/cadical_proof.o'
removed 'src/sat/cadical/cadical_propagate.o'
removed 'src/sat/cadical/cadical_queue.o'
removed 'src/sat/cadical/cadical_random.o'
removed 'src/sat/cadical/cadical_reap.o'
removed 'src/sat/cadical/cadical_reduce.o'
removed 'src/sat/cadical/cadical_rephase.o'
removed 'src/sat/cadical/cadical_report.o'
removed 'src/sat/cadical/cadical_resources.o'
removed 'src/sat/cadical/cadical_restart.o'
removed 'src/sat/cadical/cadical_restore.o'
removed 'src/sat/cadical/cadical_score.o'
removed 'src/sat/cadical/cadical_shrink.o'
removed 'src/sat/cadical/cadical_signal.o'
removed 'src/sat/cadical/cadical_solution.o'
removed 'src/sat/cadical/cadical_solver.o'
removed 'src/sat/cadical/cadical_stable.o'
removed 'src/sat/cadical/cadical_stats.o'
removed 'src/sat/cadical/cadical_subsume.o'
removed 'src/sat/cadical/cadical_sweep.o'
removed 'src/sat/cadical/cadical_terminal.o'
removed 'src/sat/cadical/cadical_ternary.o'
removed 'src/sat/cadical/cadical_tier.o'
removed 'src/sat/cadical/cadical_transred.o'
removed 'src/sat/cadical/cadical_unstable.o'
removed 'src/sat/cadical/cadical_util.o'
removed 'src/sat/cadical/cadical_var.o'
removed 'src/sat/cadical/cadical_veripbtracer.o'
removed 'src/sat/cadical/cadical_version.o'
removed 'src/sat/cadical/cadical_vivify.o'
removed 'src/sat/cadical/cadical_walk.o'
removed 'src/sat/cadical/cadical_walk_full_occs.o'
removed 'src/sat/cadical/cadical_warmup.o'
removed 'src/sat/cadical/cadical_watch.o'
removed 'src/aig/gia/giaRrr.o'
removed 'src/aig/gia/giaTransduction.o'
removed 'src/aig/gia/giaTtopt.o'
removed 'src/aig/gia/giaDecGraph.o'
removed 'src/base/abc/abcAig.o'
removed 'src/base/abc/abcBarBuf.o'
removed 'src/base/abc/abcBlifMv.o'
removed 'src/base/abc/abcCheck.o'
removed 'src/base/abc/abcDfs.o'
removed 'src/base/abc/abcFanio.o'
removed 'src/base/abc/abcFanOrder.o'
removed 'src/base/abc/abcFunc.o'
removed 'src/base/abc/abcHie.o'
removed 'src/base/abc/abcHieCec.o'
removed 'src/base/abc/abcHieGia.o'
removed 'src/base/abc/abcHieNew.o'
removed 'src/base/abc/abcLatch.o'
removed 'src/base/abc/abcLib.o'
removed 'src/base/abc/abcMinBase.o'
removed 'src/base/abc/abcNames.o'
removed 'src/base/abc/abcNetlist.o'
removed 'src/base/abc/abcNtk.o'
removed 'src/base/abc/abcObj.o'
removed 'src/base/abc/abcRefs.o'
removed 'src/base/abc/abcShow.o'
removed 'src/base/abc/abcSop.o'
removed 'src/base/abc/abcUtil.o'
removed 'src/base/abci/abc.o'
removed 'src/base/abci/abcAttach.o'
removed 'src/base/abci/abcAuto.o'
removed 'src/base/abci/abcBalance.o'
removed 'src/base/abci/abcBidec.o'
removed 'src/base/abci/abcBm.o'
removed 'src/base/abci/abcBmc.o'
removed 'src/base/abci/abcCas.o'
removed 'src/base/abci/abcCascade.o'
removed 'src/base/abci/abcCollapse.o'
removed 'src/base/abci/abcCut.o'
removed 'src/base/abci/abcDar.o'
removed 'src/base/abci/abcDebug.o'
removed 'src/base/abci/abcDec.o'
removed 'src/base/abci/abcDetect.o'
removed 'src/base/abci/abcDress.o'
removed 'src/base/abci/abcDress2.o'
removed 'src/base/abci/abcDress3.o'
removed 'src/base/abci/abcDsd.o'
removed 'src/base/abci/abcEco.o'
removed 'src/base/abci/abcExact.o'
removed 'src/base/abci/abcExtract.o'
removed 'src/base/abci/abcFraig.o'
removed 'src/base/abci/abcFx.o'
removed 'src/base/abci/abcFxu.o'
removed 'src/base/abci/abcGen.o'
removed 'src/base/abci/abcHaig.o'
removed 'src/base/abci/abcIf.o'
removed 'src/base/abci/abcIfif.o'
removed 'src/base/abci/abcIfMux.o'
removed 'src/base/abci/abcIvy.o'
removed 'src/base/abci/abcLog.o'
removed 'src/base/abci/abcLut.o'
removed 'src/base/abci/abcLutmin.o'
removed 'src/base/abci/abcMap.o'
removed 'src/base/abci/abcMerge.o'
removed 'src/base/abci/abcMfs.o'
removed 'src/base/abci/abcMini.o'
removed 'src/base/abci/abcMiter.o'
removed 'src/base/abci/abcMulti.o'
removed 'src/base/abci/abcNtbdd.o'
removed 'src/base/abci/abcNpn.o'
removed 'src/base/abci/abcNpnSave.o'
removed 'src/base/abci/abcOrchestration.o'
removed 'src/base/abci/abcOdc.o'
removed 'src/base/abci/abcOrder.o'
removed 'src/base/abci/abcPart.o'
removed 'src/base/abci/abcPrint.o'
removed 'src/base/abci/abcProve.o'
removed 'src/base/abci/abcQbf.o'
removed 'src/base/abci/abcQuant.o'
removed 'src/base/abci/abcRmInverters.o'
removed 'src/base/abci/abcRec3.o'
removed 'src/base/abci/abcReconv.o'
removed 'src/base/abci/abcReach.o'
removed 'src/base/abci/abcRefactor.o'
removed 'src/base/abci/abcRenode.o'
removed 'src/base/abci/abcReorder.o'
removed 'src/base/abci/abcRestruct.o'
removed 'src/base/abci/abcResub.o'
removed 'src/base/abci/abcRewrite.o'
removed 'src/base/abci/abcRpo.o'
removed 'src/base/abci/abcRr.o'
removed 'src/base/abci/abcRunGen.o'
removed 'src/base/abci/abcSat.o'
removed 'src/base/abci/abcSaucy.o'
removed 'src/base/abci/abcScorr.o'
removed 'src/base/abci/abcSense.o'
removed 'src/base/abci/abcSpeedup.o'
removed 'src/base/abci/abcStrash.o'
removed 'src/base/abci/abcSweep.o'
removed 'src/base/abci/abcSymm.o'
removed 'src/base/abci/abcTim.o'
removed 'src/base/abci/abcTiming.o'
removed 'src/base/abci/abcTopo.o'
removed 'src/base/abci/abcUnate.o'
removed 'src/base/abci/abcUnreach.o'
removed 'src/base/abci/abcVerify.o'
removed 'src/base/abci/abcXsim.o'
removed 'src/base/cmd/cmd.o'
removed 'src/base/cmd/cmdAlias.o'
removed 'src/base/cmd/cmdApi.o'
removed 'src/base/cmd/cmdAuto.o'
removed 'src/base/cmd/cmdFlag.o'
removed 'src/base/cmd/cmdHist.o'
removed 'src/base/cmd/cmdLoad.o'
removed 'src/base/cmd/cmdPlugin.o'
removed 'src/base/cmd/cmdStarter.o'
removed 'src/base/cmd/cmdUtils.o'
removed 'src/base/io/io.o'
removed 'src/base/io/ioJson.o'
removed 'src/base/io/ioJsonc.o'
removed 'src/base/io/ioReadAiger.o'
removed 'src/base/io/ioReadBaf.o'
removed 'src/base/io/ioReadBblif.o'
removed 'src/base/io/ioReadBench.o'
removed 'src/base/io/ioReadBlif.o'
removed 'src/base/io/ioReadBlifAig.o'
removed 'src/base/io/ioReadBlifMv.o'
removed 'src/base/io/ioReadDsd.o'
removed 'src/base/io/ioReadEdif.o'
removed 'src/base/io/ioReadEqn.o'
removed 'src/base/io/ioReadPla.o'
removed 'src/base/io/ioReadPlaMo.o'
removed 'src/base/io/ioReadVerilog.o'
removed 'src/base/io/ioUtil.o'
removed 'src/base/io/ioWriteAiger.o'
removed 'src/base/io/ioWriteBaf.o'
removed 'src/base/io/ioWriteBblif.o'
removed 'src/base/io/ioWriteBench.o'
removed 'src/base/io/ioWriteBlif.o'
removed 'src/base/io/ioWriteBlifMv.o'
removed 'src/base/io/ioWriteBook.o'
removed 'src/base/io/ioWriteCnf.o'
removed 'src/base/io/ioWriteDot.o'
removed 'src/base/io/ioWriteEqn.o'
removed 'src/base/io/ioWriteEdgelist.o'
removed 'src/base/io/ioWriteGml.o'
removed 'src/base/io/ioWriteHMetis.o'
removed 'src/base/io/ioWriteList.o'
removed 'src/base/io/ioWritePla.o'
removed 'src/base/io/ioWriteVerilog.o'
removed 'src/base/io/ioWriteSmv.o'
removed 'src/base/main/main.o'
removed 'src/base/main/mainFrame.o'
removed 'src/base/main/mainInit.o'
removed 'src/base/main/mainLib.o'
removed 'src/base/main/mainReal.o'
removed 'src/base/main/libSupport.o'
removed 'src/base/main/mainUtils.o'
removed 'src/base/exor/exor.o'
removed 'src/base/exor/exorBits.o'
removed 'src/base/exor/exorCubes.o'
removed 'src/base/exor/exorLink.o'
removed 'src/base/exor/exorList.o'
removed 'src/base/exor/exorUtil.o'
removed 'src/base/ver/verCore.o'
removed 'src/base/ver/verFormula.o'
removed 'src/base/ver/verParse.o'
removed 'src/base/ver/verStream.o'
removed 'src/base/wlc/wlcAbs.o'
removed 'src/base/wlc/wlcAbs2.o'
removed 'src/base/wlc/wlcAbc.o'
removed 'src/base/wlc/wlcPth.o'
removed 'src/base/wlc/wlcBlast.o'
removed 'src/base/wlc/wlcCom.o'
removed 'src/base/wlc/wlcGraft.o'
removed 'src/base/wlc/wlcJson.o'
removed 'src/base/wlc/wlcMem.o'
removed 'src/base/wlc/wlcNdr.o'
removed 'src/base/wlc/wlcNtk.o'
removed 'src/base/wlc/wlcReadSmt.o'
removed 'src/base/wlc/wlcReadVer.o'
removed 'src/base/wlc/wlcSim.o'
removed 'src/base/wlc/wlcShow.o'
removed 'src/base/wlc/wlcStdin.o'
removed 'src/base/wlc/wlcUif.o'
removed 'src/base/wlc/wlcWin.o'
removed 'src/base/wlc/wlcWriteVer.o'
removed 'src/base/wln/wln.o'
removed 'src/base/wln/wlnBlast.o'
removed 'src/base/wln/wlnCom.o'
removed 'src/base/wln/wlnGuide.o'
removed 'src/base/wln/wlnMem.o'
removed 'src/base/wln/wlnNdr.o'
removed 'src/base/wln/wlnNtk.o'
removed 'src/base/wln/wlnObj.o'
removed 'src/base/wln/wlnRead.o'
removed 'src/base/wln/wlnRetime.o'
removed 'src/base/wln/wlnWlc.o'
removed 'src/base/wln/wlnWriteVer.o'
removed 'src/base/sn/snCom.o'
removed 'src/base/sn/snGia.o'
removed 'src/base/sn/snRead.o'
removed 'src/base/sn/snSec.o'
removed 'src/base/acb/acbAbc.o'
removed 'src/base/acb/acbAig.o'
removed 'src/base/acb/acbFunc.o'
removed 'src/base/acb/acbMfs.o'
removed 'src/base/acb/acbPush.o'
removed 'src/base/acb/acbSets.o'
removed 'src/base/acb/acbTest.o'
removed 'src/base/acb/acbUtil.o'
removed 'src/base/acb/acbXec.o'
removed 'src/base/pla/plaCom.o'
removed 'src/base/pla/plaHash.o'
removed 'src/base/pla/plaMan.o'
removed 'src/base/pla/plaMerge.o'
removed 'src/base/pla/plaSimple.o'
removed 'src/base/pla/plaRead.o'
removed 'src/base/pla/plaWrite.o'
removed 'src/base/test/test.o'
removed 'src/map/mapper/mapper.o'
removed 'src/map/mapper/mapperCanon.o'
removed 'src/map/mapper/mapperCore.o'
removed 'src/map/mapper/mapperCreate.o'
removed 'src/map/mapper/mapperCut.o'
removed 'src/map/mapper/mapperCutUtils.o'
removed 'src/map/mapper/mapperLib.o'
removed 'src/map/mapper/mapperMatch.o'
removed 'src/map/mapper/mapperRefs.o'
removed 'src/map/mapper/mapperSuper.o'
removed 'src/map/mapper/mapperSwitch.o'
removed 'src/map/mapper/mapperTable.o'
removed 'src/map/mapper/mapperTime.o'
removed 'src/map/mapper/mapperTree.o'
removed 'src/map/mapper/mapperTruth.o'
removed 'src/map/mapper/mapperUtils.o'
removed 'src/map/mapper/mapperVec.o'
removed 'src/map/mio/mio.o'
removed 'src/map/mio/mioApi.o'
removed 'src/map/mio/mioFunc.o'
removed 'src/map/mio/mioParse.o'
removed 'src/map/mio/mioRead.o'
removed 'src/map/mio/mioSop.o'
removed 'src/map/mio/mioUtils.o'
removed 'src/map/super/super.o'
removed 'src/map/super/superAnd.o'
removed 'src/map/super/superGate.o'
removed 'src/map/if/ifCom.o'
removed 'src/map/if/ifCache.o'
removed 'src/map/if/ifCore.o'
removed 'src/map/if/ifCut.o'
removed 'src/map/if/ifData2.o'
removed 'src/map/if/ifDec07.o'
removed 'src/map/if/ifDec08.o'
removed 'src/map/if/ifDec10.o'
removed 'src/map/if/ifDec16.o'
removed 'src/map/if/ifDec66.o'
removed 'src/map/if/ifDec75.o'
removed 'src/map/if/ifDecJ.o'
removed 'src/map/if/ifTrace.o'
removed 'src/map/if/ifDelay.o'
removed 'src/map/if/ifDsd.o'
removed 'src/map/if/ifLibBox.o'
removed 'src/map/if/ifLibLut.o'
removed 'src/map/if/ifMan.o'
removed 'src/map/if/ifMap.o'
removed 'src/map/if/ifMatch2.o'
removed 'src/map/if/ifReduce.o'
removed 'src/map/if/ifSat.o'
removed 'src/map/if/ifSelect.o'
removed 'src/map/if/ifSeq.o'
removed 'src/map/if/ifTest.o'
removed 'src/map/if/ifTime.o'
removed 'src/map/if/ifTruth.o'
removed 'src/map/if/ifTune.o'
removed 'src/map/if/ifUtil.o'
removed 'src/map/amap/amapCore.o'
removed 'src/map/amap/amapGraph.o'
removed 'src/map/amap/amapLib.o'
removed 'src/map/amap/amapLiberty.o'
removed 'src/map/amap/amapMan.o'
removed 'src/map/amap/amapMatch.o'
removed 'src/map/amap/amapMerge.o'
removed 'src/map/amap/amapOutput.o'
removed 'src/map/amap/amapParse.o'
removed 'src/map/amap/amapPerm.o'
removed 'src/map/amap/amapRead.o'
removed 'src/map/amap/amapRule.o'
removed 'src/map/amap/amapUniq.o'
removed 'src/map/cov/covBuild.o'
removed 'src/map/cov/covCore.o'
removed 'src/map/cov/covMan.o'
removed 'src/map/cov/covMinEsop.o'
removed 'src/map/cov/covMinMan.o'
removed 'src/map/cov/covMinSop.o'
removed 'src/map/cov/covMinUtil.o'
removed 'src/map/scl/scl.o'
removed 'src/map/scl/sclBuffer.o'
removed 'src/map/scl/sclBufSize.o'
removed 'src/map/scl/sclDnsize.o'
removed 'src/map/scl/sclLiberty.o'
removed 'src/map/scl/sclLibScl.o'
removed 'src/map/scl/sclLibUtil.o'
removed 'src/map/scl/sclLoad.o'
removed 'src/map/scl/sclSize.o'
removed 'src/map/scl/sclUpsize.o'
removed 'src/map/scl/sclUtil.o'
removed 'src/map/mpm/mpmAbc.o'
removed 'src/map/mpm/mpmCore.o'
removed 'src/map/mpm/mpmDsd.o'
removed 'src/map/mpm/mpmGates.o'
removed 'src/map/mpm/mpmLib.o'
removed 'src/map/mpm/mpmMan.o'
removed 'src/map/mpm/mpmMap.o'
removed 'src/map/mpm/mpmMig.o'
removed 'src/map/mpm/mpmPre.o'
removed 'src/map/mpm/mpmTruth.o'
removed 'src/map/mpm/mpmUtil.o'
removed 'src/map/emap/emap.o'
removed 'src/map/emap/emapCore.o'
removed 'src/misc/extra/extraUtilBitMatrix.o'
removed 'src/misc/extra/extraUtilCanon.o'
removed 'src/misc/extra/extraUtilCfs.o'
removed 'src/misc/extra/extraUtilCube.o'
removed 'src/misc/extra/extraUtilDsd.o'
removed 'src/misc/extra/extraUtilEnum.o'
removed 'src/misc/extra/extraUtilFile.o'
removed 'src/misc/extra/extraUtilGen.o'
removed 'src/misc/extra/extraUtilMacc.o'
removed 'src/misc/extra/extraUtilMaj.o'
removed 'src/misc/extra/extraUtilMemory.o'
removed 'src/misc/extra/extraUtilMisc.o'
removed 'src/misc/extra/extraUtilMult.o'
removed 'src/misc/extra/extraUtilPath.o'
removed 'src/misc/extra/extraUtilPerm.o'
removed 'src/misc/extra/extraUtilProgress.o'
removed 'src/misc/extra/extraUtilReader.o'
removed 'src/misc/extra/extraUtilSupp.o'
removed 'src/misc/extra/extraUtilTruth.o'
removed 'src/misc/extra/extraUtilUtil.o'
removed 'src/misc/mvc/mvcApi.o'
removed 'src/misc/mvc/mvcCompare.o'
removed 'src/misc/mvc/mvcContain.o'
removed 'src/misc/mvc/mvcCover.o'
removed 'src/misc/mvc/mvcCube.o'
removed 'src/misc/mvc/mvcDivide.o'
removed 'src/misc/mvc/mvcDivisor.o'
removed 'src/misc/mvc/mvcList.o'
removed 'src/misc/mvc/mvcLits.o'
removed 'src/misc/mvc/mvcMan.o'
removed 'src/misc/mvc/mvcOpAlg.o'
removed 'src/misc/mvc/mvcOpBool.o'
removed 'src/misc/mvc/mvcPrint.o'
removed 'src/misc/mvc/mvcSort.o'
removed 'src/misc/mvc/mvcUtils.o'
removed 'src/misc/st/st.o'
removed 'src/misc/st/stmm.o'
removed 'src/misc/util/utilAigSim.o'
removed 'src/misc/util/utilBridge.o'
removed 'src/misc/util/utilBipart.o'
removed 'src/misc/util/utilBSet.o'
removed 'src/misc/util/utilCex.o'
removed 'src/misc/util/utilColor.o'
removed 'src/misc/util/utilFile.o'
removed 'src/misc/util/utilIsop.o'
removed 'src/misc/util/utilLinear.o'
removed 'src/misc/util/utilMiniver.o'
removed 'src/misc/util/utilMulSim.o'
removed 'src/misc/util/utilNam.o'
removed 'src/misc/util/utilNet.o'
removed 'src/misc/util/utilPth.o'
removed 'src/misc/util/utilSignal.o'
removed 'src/misc/util/utilSort.o'
removed 'src/misc/nm/nmApi.o'
removed 'src/misc/nm/nmTable.o'
removed 'src/misc/tim/timBox.o'
removed 'src/misc/tim/timDump.o'
removed 'src/misc/tim/timMan.o'
removed 'src/misc/tim/timTime.o'
removed 'src/misc/tim/timTrav.o'
removed 'src/misc/bzlib/blocksort.o'
removed 'src/misc/bzlib/bzlib.o'
removed 'src/misc/bzlib/compress.o'
removed 'src/misc/bzlib/crctable.o'
removed 'src/misc/bzlib/decompress.o'
removed 'src/misc/bzlib/huffman.o'
removed 'src/misc/bzlib/randtable.o'
removed 'src/misc/zlib/adler32.o'
removed 'src/misc/zlib/compress_.o'
removed 'src/misc/zlib/crc32.o'
removed 'src/misc/zlib/deflate.o'
removed 'src/misc/zlib/gzclose.o'
removed 'src/misc/zlib/gzlib.o'
removed 'src/misc/zlib/gzread.o'
removed 'src/misc/zlib/gzwrite.o'
removed 'src/misc/zlib/infback.o'
removed 'src/misc/zlib/inffast.o'
removed 'src/misc/zlib/inflate.o'
removed 'src/misc/zlib/inftrees.o'
removed 'src/misc/zlib/trees.o'
removed 'src/misc/zlib/uncompr.o'
removed 'src/misc/zlib/zutil.o'
removed 'src/misc/mem/mem.o'
removed 'src/misc/bar/bar.o'
removed 'src/misc/bbl/bblif.o'
removed 'src/misc/parse/parseEqn.o'
removed 'src/misc/parse/parseStack.o'
removed 'src/misc/btor/btor2parser.o'
removed 'src/misc/btor/catbtor.o'
removed 'src/opt/cut/cutApi.o'
removed 'src/opt/cut/cutCut.o'
removed 'src/opt/cut/cutMan.o'
removed 'src/opt/cut/cutMerge.o'
removed 'src/opt/cut/cutNode.o'
removed 'src/opt/cut/cutOracle.o'
removed 'src/opt/cut/cutPre22.o'
removed 'src/opt/cut/cutSeq.o'
removed 'src/opt/cut/cutTruth.o'
removed 'src/opt/fxu/fxu.o'
removed 'src/opt/fxu/fxuCreate.o'
removed 'src/opt/fxu/fxuHeapD.o'
removed 'src/opt/fxu/fxuHeapS.o'
removed 'src/opt/fxu/fxuList.o'
removed 'src/opt/fxu/fxuMatrix.o'
removed 'src/opt/fxu/fxuPair.o'
removed 'src/opt/fxu/fxuPrint.o'
removed 'src/opt/fxu/fxuReduce.o'
removed 'src/opt/fxu/fxuSelect.o'
removed 'src/opt/fxu/fxuSingle.o'
removed 'src/opt/fxu/fxuUpdate.o'
removed 'src/opt/fxch/Fxch.o'
removed 'src/opt/fxch/FxchDiv.o'
removed 'src/opt/fxch/FxchMan.o'
removed 'src/opt/fxch/FxchSCHashTable.o'
removed 'src/opt/rwr/rwrDec.o'
removed 'src/opt/rwr/rwrEva.o'
removed 'src/opt/rwr/rwrExp.o'
removed 'src/opt/rwr/rwrLib.o'
removed 'src/opt/rwr/rwrMan.o'
removed 'src/opt/rwr/rwrPrint.o'
removed 'src/opt/rwr/rwrUtil.o'
removed 'src/opt/mfs/mfsCore.o'
removed 'src/opt/mfs/mfsDiv.o'
removed 'src/opt/mfs/mfsInter.o'
removed 'src/opt/mfs/mfsMan.o'
removed 'src/opt/mfs/mfsResub.o'
removed 'src/opt/mfs/mfsSat.o'
removed 'src/opt/mfs/mfsStrash.o'
removed 'src/opt/mfs/mfsWin.o'
removed 'src/opt/sim/simMan.o'
removed 'src/opt/sim/simSeq.o'
removed 'src/opt/sim/simSupp.o'
removed 'src/opt/sim/simSwitch.o'
removed 'src/opt/sim/simSym.o'
removed 'src/opt/sim/simSymSat.o'
removed 'src/opt/sim/simSymSim.o'
removed 'src/opt/sim/simSymStr.o'
removed 'src/opt/sim/simUtils.o'
removed 'src/opt/ret/retArea.o'
removed 'src/opt/ret/retCore.o'
removed 'src/opt/ret/retDelay.o'
removed 'src/opt/ret/retFlow.o'
removed 'src/opt/ret/retIncrem.o'
removed 'src/opt/ret/retInit.o'
removed 'src/opt/ret/retLvalue.o'
removed 'src/opt/fret/fretMain.o'
removed 'src/opt/fret/fretFlow.o'
removed 'src/opt/fret/fretInit.o'
removed 'src/opt/fret/fretTime.o'
removed 'src/opt/res/resCore.o'
removed 'src/opt/res/resDivs.o'
removed 'src/opt/res/resFilter.o'
removed 'src/opt/res/resSat.o'
removed 'src/opt/res/resSim.o'
removed 'src/opt/res/resStrash.o'
removed 'src/opt/res/resWin.o'
removed 'src/opt/lpk/lpkCore.o'
removed 'src/opt/lpk/lpkAbcDec.o'
removed 'src/opt/lpk/lpkAbcMux.o'
removed 'src/opt/lpk/lpkAbcDsd.o'
removed 'src/opt/lpk/lpkAbcUtil.o'
removed 'src/opt/lpk/lpkCut.o'
removed 'src/opt/lpk/lpkMan.o'
removed 'src/opt/lpk/lpkMap.o'
removed 'src/opt/lpk/lpkMulti.o'
removed 'src/opt/lpk/lpkMux.o'
removed 'src/opt/lpk/lpkSets.o'
removed 'src/opt/nwk/nwkAig.o'
removed 'src/opt/nwk/nwkCheck.o'
removed 'src/opt/nwk/nwkBidec.o'
removed 'src/opt/nwk/nwkDfs.o'
removed 'src/opt/nwk/nwkFanio.o'
removed 'src/opt/nwk/nwkFlow.o'
removed 'src/opt/nwk/nwkMan.o'
removed 'src/opt/nwk/nwkMap.o'
removed 'src/opt/nwk/nwkMerge.o'
removed 'src/opt/nwk/nwkObj.o'
removed 'src/opt/nwk/nwkSpeedup.o'
removed 'src/opt/nwk/nwkStrash.o'
removed 'src/opt/nwk/nwkTiming.o'
removed 'src/opt/nwk/nwkUtil.o'
removed 'src/opt/rwt/rwtDec.o'
removed 'src/opt/rwt/rwtMan.o'
removed 'src/opt/rwt/rwtUtil.o'
removed 'src/opt/rar/rewireRng.o'
removed 'src/opt/rar/rewireMap.o'
removed 'src/opt/rar/rewireRar.o'
removed 'src/opt/cgt/cgtAig.o'
removed 'src/opt/cgt/cgtCore.o'
removed 'src/opt/cgt/cgtDecide.o'
removed 'src/opt/cgt/cgtMan.o'
removed 'src/opt/cgt/cgtSat.o'
removed 'src/opt/csw/cswCore.o'
removed 'src/opt/csw/cswCut.o'
removed 'src/opt/csw/cswMan.o'
removed 'src/opt/csw/cswTable.o'
removed 'src/opt/dar/darBalance.o'
removed 'src/opt/dar/darCore.o'
removed 'src/opt/dar/darCut.o'
removed 'src/opt/dar/darData.o'
removed 'src/opt/dar/darLib.o'
removed 'src/opt/dar/darMan.o'
removed 'src/opt/dar/darPrec.o'
removed 'src/opt/dar/darRefact.o'
removed 'src/opt/dar/darScript.o'
removed 'src/opt/dau/dauCanon.o'
removed 'src/opt/dau/dauCore.o'
removed 'src/opt/dau/dauCount.o'
removed 'src/opt/dau/dauDivs.o'
removed 'src/opt/dau/dauDsd.o'
removed 'src/opt/dau/dauEnum.o'
removed 'src/opt/dau/dauGia.o'
removed 'src/opt/dau/dauMerge.o'
removed 'src/opt/dau/dauNonDsd.o'
removed 'src/opt/dau/dauNpn.o'
removed 'src/opt/dau/dauNpn2.o'
removed 'src/opt/dau/dauTree.o'
removed 'src/opt/dsc/dsc.o'
removed 'src/opt/sfm/sfmArea.o'
removed 'src/opt/sfm/sfmCnf.o'
removed 'src/opt/sfm/sfmCore.o'
removed 'src/opt/sfm/sfmDec.o'
removed 'src/opt/sfm/sfmLib.o'
removed 'src/opt/sfm/sfmNtk.o'
removed 'src/opt/sfm/sfmSat.o'
removed 'src/opt/sfm/sfmTim.o'
removed 'src/opt/sfm/sfmMit.o'
removed 'src/opt/sfm/sfmWin.o'
removed 'src/opt/sbd/sbd.o'
removed 'src/opt/sbd/sbdCnf.o'
removed 'src/opt/sbd/sbdCore.o'
removed 'src/opt/sbd/sbdCut.o'
removed 'src/opt/sbd/sbdCut2.o'
removed 'src/opt/sbd/sbdLut.o'
removed 'src/opt/sbd/sbdPath.o'
removed 'src/opt/sbd/sbdSat.o'
removed 'src/opt/sbd/sbdWin.o'
removed 'src/sat/bsat/satMem.o'
removed 'src/sat/bsat/satInter.o'
removed 'src/sat/bsat/satInterA.o'
removed 'src/sat/bsat/satInterB.o'
removed 'src/sat/bsat/satInterP.o'
removed 'src/sat/bsat/satProof.o'
removed 'src/sat/bsat/satSolver.o'
removed 'src/sat/bsat/satSolver2.o'
removed 'src/sat/bsat/satSolver2i.o'
removed 'src/sat/bsat/satSolver3.o'
removed 'src/sat/bsat/satStore.o'
removed 'src/sat/bsat/satTrace.o'
removed 'src/sat/bsat/satTruth.o'
removed 'src/sat/bsat/satUtil.o'
removed 'src/sat/xsat/xsatSolver.o'
removed 'src/sat/xsat/xsatSolverAPI.o'
removed 'src/sat/xsat/xsatCnfReader.o'
removed 'src/sat/satoko/solver.o'
removed 'src/sat/satoko/solver_api.o'
removed 'src/sat/satoko/cnf_reader.o'
removed 'src/sat/csat/csat_apis.o'
removed 'src/sat/msat/msatActivity.o'
removed 'src/sat/msat/msatClause.o'
removed 'src/sat/msat/msatClauseVec.o'
removed 'src/sat/msat/msatMem.o'
removed 'src/sat/msat/msatOrderH.o'
removed 'src/sat/msat/msatQueue.o'
removed 'src/sat/msat/msatRead.o'
removed 'src/sat/msat/msatSolverApi.o'
removed 'src/sat/msat/msatSolverCore.o'
removed 'src/sat/msat/msatSolverIo.o'
removed 'src/sat/msat/msatSolverSearch.o'
removed 'src/sat/msat/msatSort.o'
removed 'src/sat/msat/msatVec.o'
removed 'src/sat/cnf/cnfCore.o'
removed 'src/sat/cnf/cnfCut.o'
removed 'src/sat/cnf/cnfData.o'
removed 'src/sat/cnf/cnfFast.o'
removed 'src/sat/cnf/cnfMan.o'
removed 'src/sat/cnf/cnfMap.o'
removed 'src/sat/cnf/cnfPost.o'
removed 'src/sat/cnf/cnfUtil.o'
removed 'src/sat/cnf/cnfWrite.o'
removed 'src/sat/bmc/bmcBCore.o'
removed 'src/sat/bmc/bmcBmc.o'
removed 'src/sat/bmc/bmcBmc2.o'
removed 'src/sat/bmc/bmcBmc3.o'
removed 'src/sat/bmc/bmcBmcAnd.o'
removed 'src/sat/bmc/bmcBmci.o'
removed 'src/sat/bmc/bmcBmcG.o'
removed 'src/sat/bmc/bmcBmcS.o'
removed 'src/sat/bmc/bmcCexCare.o'
removed 'src/sat/bmc/bmcCexCut.o'
removed 'src/sat/bmc/bmcCexDepth.o'
removed 'src/sat/bmc/bmcCexMin1.o'
removed 'src/sat/bmc/bmcCexMin2.o'
removed 'src/sat/bmc/bmcCexTools.o'
removed 'src/sat/bmc/bmcChain.o'
removed 'src/sat/bmc/bmcClp.o'
removed 'src/sat/bmc/bmcEco.o'
removed 'src/sat/bmc/bmcExpand.o'
removed 'src/sat/bmc/bmcFault.o'
removed 'src/sat/bmc/bmcFx.o'
removed 'src/sat/bmc/bmcGen.o'
removed 'src/sat/bmc/bmcICheck.o'
removed 'src/sat/bmc/bmcInse.o'
removed 'src/sat/bmc/bmcLoad.o'
removed 'src/sat/bmc/bmcMaj.o'
removed 'src/sat/bmc/bmcMaj2.o'
removed 'src/sat/bmc/bmcMaj3.o'
removed 'src/sat/bmc/bmcMaj7.o'
removed 'src/sat/bmc/bmcMaj8.o'
removed 'src/sat/bmc/bmcMaj9.o'
removed 'src/sat/bmc/bmcMaxi.o'
removed 'src/sat/bmc/bmcMesh.o'
removed 'src/sat/bmc/bmcMesh2.o'
removed 'src/sat/bmc/bmcMulti.o'
removed 'src/sat/bmc/bmcUnroll.o'
removed 'src/sat/kissat/kissatSolver.o'
removed 'src/sat/kissat/kissatTest.o'
removed 'src/sat/kissat/allocate.o'
removed 'src/sat/kissat/analyze.o'
removed 'src/sat/kissat/ands.o'
removed 'src/sat/kissat/arena.o'
removed 'src/sat/kissat/assign.o'
removed 'src/sat/kissat/averages.o'
removed 'src/sat/kissat/backbone.o'
removed 'src/sat/kissat/backtrack.o'
removed 'src/sat/kissat/build.o'
removed 'src/sat/kissat/bump.o'
removed 'src/sat/kissat/check.o'
removed 'src/sat/kissat/classify.o'
removed 'src/sat/kissat/clause.o'
removed 'src/sat/kissat/collect.o'
removed 'src/sat/kissat/colors.o'
removed 'src/sat/kissat/compact.o'
removed 'src/sat/kissat/config.o'
removed 'src/sat/kissat/congruence.o'
removed 'src/sat/kissat/decide.o'
removed 'src/sat/kissat/deduce.o'
removed 'src/sat/kissat/definition.o'
removed 'src/sat/kissat/dense.o'
removed 'src/sat/kissat/dump.o'
removed 'src/sat/kissat/eliminate.o'
removed 'src/sat/kissat/equivalences.o'
removed 'src/sat/kissat/error.o'
removed 'src/sat/kissat/extend.o'
removed 'src/sat/kissat/factor.o'
removed 'src/sat/kissat/fastel.o'
removed 'src/sat/kissat/file.o'
removed 'src/sat/kissat/flags.o'
removed 'src/sat/kissat/format.o'
removed 'src/sat/kissat/forward.o'
removed 'src/sat/kissat/gates.o'
removed 'src/sat/kissat/heap.o'
removed 'src/sat/kissat/ifthenelse.o'
removed 'src/sat/kissat/import.o'
removed 'src/sat/kissat/internal.o'
removed 'src/sat/kissat/kimits.o'
removed 'src/sat/kissat/kitten.o'
removed 'src/sat/kissat/krite.o'
removed 'src/sat/kissat/learn.o'
removed 'src/sat/kissat/logging.o'
removed 'src/sat/kissat/kucky.o'
removed 'src/sat/kissat/minimize.o'
removed 'src/sat/kissat/mode.o'
removed 'src/sat/kissat/kptions.o'
removed 'src/sat/kissat/phases.o'
removed 'src/sat/kissat/preprocess.o'
removed 'src/sat/kissat/print.o'
removed 'src/sat/kissat/probe.o'
removed 'src/sat/kissat/profile.o'
removed 'src/sat/kissat/promote.o'
removed 'src/sat/kissat/proof.o'
removed 'src/sat/kissat/propbeyond.o'
removed 'src/sat/kissat/propdense.o'
removed 'src/sat/kissat/propinitially.o'
removed 'src/sat/kissat/proprobe.o'
removed 'src/sat/kissat/propsearch.o'
removed 'src/sat/kissat/queue.o'
removed 'src/sat/kissat/reduce.o'
removed 'src/sat/kissat/reluctant.o'
removed 'src/sat/kissat/reorder.o'
removed 'src/sat/kissat/rephase.o'
removed 'src/sat/kissat/report.o'
removed 'src/sat/kissat/resize.o'
removed 'src/sat/kissat/resolve.o'
removed 'src/sat/kissat/resources.o'
removed 'src/sat/kissat/restart.o'
removed 'src/sat/kissat/search.o'
removed 'src/sat/kissat/shrink.o'
removed 'src/sat/kissat/smooth.o'
removed 'src/sat/kissat/sort.o'
removed 'src/sat/kissat/stack.o'
removed 'src/sat/kissat/statistics.o'
removed 'src/sat/kissat/strengthen.o'
removed 'src/sat/kissat/substitute.o'
removed 'src/sat/kissat/sweep.o'
removed 'src/sat/kissat/terminate.o'
removed 'src/sat/kissat/tiers.o'
removed 'src/sat/kissat/trail.o'
removed 'src/sat/kissat/transitive.o'
removed 'src/sat/kissat/utilities.o'
removed 'src/sat/kissat/vector.o'
removed 'src/sat/kissat/vivify.o'
removed 'src/sat/kissat/walk.o'
removed 'src/sat/kissat/warmup.o'
removed 'src/sat/kissat/watch.o'
removed 'src/sat/kissat/weaken.o'
removed 'src/sat/cadical/cadicalSolver.o'
removed 'src/sat/cadical/cadicalTest.o'
removed 'src/sat/cadical/cadical_kitten.o'
removed 'src/bool/bdc/bdcCore.o'
removed 'src/bool/bdc/bdcDec.o'
removed 'src/bool/bdc/bdcSpfd.o'
removed 'src/bool/bdc/bdcTable.o'
removed 'src/bool/dec/decAbc.o'
removed 'src/bool/dec/decFactor.o'
removed 'src/bool/dec/decMan.o'
removed 'src/bool/dec/decPrint.o'
removed 'src/bool/dec/decUtil.o'
removed 'src/bool/kit/kitAig.o'
removed 'src/bool/kit/kitBdd.o'
removed 'src/bool/kit/kitCloud.o'
removed 'src/bool/kit/cloud.o'
removed 'src/bool/kit/kitDsd.o'
removed 'src/bool/kit/kitFactor.o'
removed 'src/bool/kit/kitGraph.o'
removed 'src/bool/kit/kitHop.o'
removed 'src/bool/kit/kitIsop.o'
removed 'src/bool/kit/kitPla.o'
removed 'src/bool/kit/kitSop.o'
removed 'src/bool/kit/kitTruth.o'
removed 'src/bool/lucky/lucky.o'
removed 'src/bool/lucky/luckyFast16.o'
removed 'src/bool/lucky/luckyFast6.o'
removed 'src/bool/lucky/luckyRead.o'
removed 'src/bool/lucky/luckySimple.o'
removed 'src/bool/lucky/luckySwapIJ.o'
removed 'src/bool/lucky/luckySwap.o'
removed 'src/bool/rsb/rsbDec6.o'
removed 'src/bool/rsb/rsbMan.o'
removed 'src/bool/rpo/rpo.o'
removed 'src/proof/pdr/gipsat/gipMan.o'
removed 'src/proof/pdr/gipsat/gipMain.o'
removed 'src/proof/pdr/gipsat/gipCdb.o'
removed 'src/proof/pdr/gipsat/gipProp.o'
removed 'src/proof/pdr/gipsat/gipAnalyze.o'
removed 'src/proof/pdr/gipsat/gipSearch.o'
removed 'src/proof/pdr/gipsat/gipVsids.o'
removed 'src/proof/pdr/gipsat/gipDomain.o'
removed 'src/proof/pdr/gipsat/gipSimp.o'
removed 'src/proof/pdr/pdrCnf.o'
removed 'src/proof/pdr/pdrCore.o'
removed 'src/proof/pdr/pdrIncr.o'
removed 'src/proof/pdr/pdrInv.o'
removed 'src/proof/pdr/pdrMan.o'
removed 'src/proof/pdr/pdrSat.o'
removed 'src/proof/pdr/pdrTsim.o'
removed 'src/proof/pdr/pdrTsim2.o'
removed 'src/proof/pdr/pdrTsim3.o'
removed 'src/proof/pdr/pdrUtil.o'
removed 'src/proof/abs/absDup.o'
removed 'src/proof/abs/absGla.o'
removed 'src/proof/abs/absGlaOld.o'
removed 'src/proof/abs/absIter.o'
removed 'src/proof/abs/absOldCex.o'
removed 'src/proof/abs/absOldRef.o'
removed 'src/proof/abs/absOldSat.o'
removed 'src/proof/abs/absOldSim.o'
removed 'src/proof/abs/absOut.o'
removed 'src/proof/abs/absPth.o'
removed 'src/proof/abs/absRef.o'
removed 'src/proof/abs/absRefSelect.o'
removed 'src/proof/abs/absRpm.o'
removed 'src/proof/abs/absRpmOld.o'
removed 'src/proof/abs/absVta.o'
removed 'src/proof/abs/absUtil.o'
removed 'src/proof/live/liveness.o'
removed 'src/proof/live/liveness_sim.o'
removed 'src/proof/live/ltl_parser.o'
removed 'src/proof/live/kliveness.o'
removed 'src/proof/live/monotone.o'
removed 'src/proof/live/disjunctiveMonotone.o'
removed 'src/proof/live/arenaViolation.o'
removed 'src/proof/live/kLiveConstraints.o'
removed 'src/proof/live/combination.o'
removed 'src/proof/ssc/sscClass.o'
removed 'src/proof/ssc/sscCore.o'
removed 'src/proof/ssc/sscSat.o'
removed 'src/proof/ssc/sscSim.o'
removed 'src/proof/ssc/sscUtil.o'
removed 'src/proof/int/intCheck.o'
removed 'src/proof/int/intContain.o'
removed 'src/proof/int/intCore.o'
removed 'src/proof/int/intCtrex.o'
removed 'src/proof/int/intDup.o'
removed 'src/proof/int/intFrames.o'
removed 'src/proof/int/intInter.o'
removed 'src/proof/int/intM114.o'
removed 'src/proof/int/intMan.o'
removed 'src/proof/int/intUtil.o'
removed 'src/proof/cec/cecCec.o'
removed 'src/proof/cec/cecChoice.o'
removed 'src/proof/cec/cecClass.o'
removed 'src/proof/cec/cecCore.o'
removed 'src/proof/cec/cecCorr.o'
removed 'src/proof/cec/cecCorr2.o'
removed 'src/proof/cec/cecCorrCert.o'
removed 'src/proof/cec/cecCorrDyn.o'
removed 'src/proof/cec/cecCorrIncr.o'
removed 'src/proof/cec/cecCorrIncrSim.o'
removed 'src/proof/cec/cecIso.o'
removed 'src/proof/cec/cecMan.o'
removed 'src/proof/cec/cecPat.o'
removed 'src/proof/cec/cecProve.o'
removed 'src/proof/cec/cecSat.o'
removed 'src/proof/cec/cecSatG.o'
removed 'src/proof/cec/cecSatG2.o'
removed 'src/proof/cec/cecSatG3.o'
removed 'src/proof/cec/cecSeq.o'
removed 'src/proof/cec/cecSim.o'
removed 'src/proof/cec/cecSolve.o'
removed 'src/proof/cec/cecSolveG.o'
removed 'src/proof/cec/cecSplit.o'
removed 'src/proof/cec/cecSynth.o'
removed 'src/proof/cec/cecSweep.o'
removed 'src/proof/acec/acecCl.o'
removed 'src/proof/acec/acecCore.o'
removed 'src/proof/acec/acecCo.o'
removed 'src/proof/acec/acecBo.o'
removed 'src/proof/acec/acecRe.o'
removed 'src/proof/acec/acecPa.o'
removed 'src/proof/acec/acecPo.o'
removed 'src/proof/acec/acecPool.o'
removed 'src/proof/acec/acecCover.o'
removed 'src/proof/acec/acecFadds.o'
removed 'src/proof/acec/acecMult.o'
removed 'src/proof/acec/acecNorm.o'
removed 'src/proof/acec/acecOrder.o'
removed 'src/proof/acec/acecPolyn.o'
removed 'src/proof/acec/acecSt.o'
removed 'src/proof/acec/acecTree.o'
removed 'src/proof/acec/acecUtil.o'
removed 'src/proof/acec/acec2Mult.o'
removed 'src/proof/acec/acecXor.o'
removed 'src/proof/dch/dchAig.o'
removed 'src/proof/dch/dchChoice.o'
removed 'src/proof/dch/dchClass.o'
removed 'src/proof/dch/dchCnf.o'
removed 'src/proof/dch/dchCore.o'
removed 'src/proof/dch/dchMan.o'
removed 'src/proof/dch/dchSat.o'
removed 'src/proof/dch/dchSim.o'
removed 'src/proof/dch/dchSimSat.o'
removed 'src/proof/dch/dchSweep.o'
removed 'src/proof/fraig/fraigApi.o'
removed 'src/proof/fraig/fraigCanon.o'
removed 'src/proof/fraig/fraigFanout.o'
removed 'src/proof/fraig/fraigFeed.o'
removed 'src/proof/fraig/fraigMan.o'
removed 'src/proof/fraig/fraigMem.o'
removed 'src/proof/fraig/fraigNode.o'
removed 'src/proof/fraig/fraigPrime.o'
removed 'src/proof/fraig/fraigSat.o'
removed 'src/proof/fraig/fraigTable.o'
removed 'src/proof/fraig/fraigUtil.o'
removed 'src/proof/fraig/fraigVec.o'
removed 'src/proof/fra/fraBmc.o'
removed 'src/proof/fra/fraCec.o'
removed 'src/proof/fra/fraClass.o'
removed 'src/proof/fra/fraClau.o'
removed 'src/proof/fra/fraClaus.o'
removed 'src/proof/fra/fraCnf.o'
removed 'src/proof/fra/fraCore.o'
removed 'src/proof/fra/fraHot.o'
removed 'src/proof/fra/fraImp.o'
removed 'src/proof/fra/fraInd.o'
removed 'src/proof/fra/fraIndVer.o'
removed 'src/proof/fra/fraLcr.o'
removed 'src/proof/fra/fraMan.o'
removed 'src/proof/fra/fraPart.o'
removed 'src/proof/fra/fraSat.o'
removed 'src/proof/fra/fraSec.o'
removed 'src/proof/fra/fraSim.o'
removed 'src/proof/ssw/sswAig.o'
removed 'src/proof/ssw/sswBmc.o'
removed 'src/proof/ssw/sswClass.o'
removed 'src/proof/ssw/sswCnf.o'
removed 'src/proof/ssw/sswConstr.o'
removed 'src/proof/ssw/sswCore.o'
removed 'src/proof/ssw/sswDyn.o'
removed 'src/proof/ssw/sswFilter.o'
removed 'src/proof/ssw/sswIslands.o'
removed 'src/proof/ssw/sswLcorr.o'
removed 'src/proof/ssw/sswMan.o'
removed 'src/proof/ssw/sswPart.o'
removed 'src/proof/ssw/sswPairs.o'
removed 'src/proof/ssw/sswRarity.o'
removed 'src/proof/ssw/sswSat.o'
removed 'src/proof/ssw/sswSemi.o'
removed 'src/proof/ssw/sswSim.o'
removed 'src/proof/ssw/sswSimSat.o'
removed 'src/proof/ssw/sswSweep.o'
removed 'src/proof/ssw/sswUnique.o'
removed 'src/aig/aig/aigCheck.o'
removed 'src/aig/aig/aigCanon.o'
removed 'src/aig/aig/aigCuts.o'
removed 'src/aig/aig/aigDfs.o'
removed 'src/aig/aig/aigDup.o'
removed 'src/aig/aig/aigFanout.o'
removed 'src/aig/aig/aigFrames.o'
removed 'src/aig/aig/aigInter.o'
removed 'src/aig/aig/aigJust.o'
removed 'src/aig/aig/aigMan.o'
removed 'src/aig/aig/aigMem.o'
removed 'src/aig/aig/aigMffc.o'
removed 'src/aig/aig/aigObj.o'
removed 'src/aig/aig/aigOper.o'
removed 'src/aig/aig/aigOrder.o'
removed 'src/aig/aig/aigPack.o'
removed 'src/aig/aig/aigPart.o'
removed 'src/aig/aig/aigPartReg.o'
removed 'src/aig/aig/aigPartSat.o'
removed 'src/aig/aig/aigRepr.o'
removed 'src/aig/aig/aigRet.o'
removed 'src/aig/aig/aigRetF.o'
removed 'src/aig/aig/aigScl.o'
removed 'src/aig/aig/aigShow.o'
removed 'src/aig/aig/aigSplit.o'
removed 'src/aig/aig/aigTable.o'
removed 'src/aig/aig/aigTiming.o'
removed 'src/aig/aig/aigTruth.o'
removed 'src/aig/aig/aigTsim.o'
removed 'src/aig/aig/aigUtil.o'
removed 'src/aig/aig/aigWin.o'
removed 'src/aig/saig/saigCone.o'
removed 'src/aig/saig/saigConstr.o'
removed 'src/aig/saig/saigConstr2.o'
removed 'src/aig/saig/saigDual.o'
removed 'src/aig/saig/saigDup.o'
removed 'src/aig/saig/saigInd.o'
removed 'src/aig/saig/saigIoa.o'
removed 'src/aig/saig/saigIso.o'
removed 'src/aig/saig/saigIsoFast.o'
removed 'src/aig/saig/saigIsoSlow.o'
removed 'src/aig/saig/saigMiter.o'
removed 'src/aig/saig/saigOutDec.o'
removed 'src/aig/saig/saigPhase.o'
removed 'src/aig/saig/saigRetFwd.o'
removed 'src/aig/saig/saigRetMin.o'
removed 'src/aig/saig/saigRetStep.o'
removed 'src/aig/saig/saigScl.o'
removed 'src/aig/saig/saigSimFast.o'
removed 'src/aig/saig/saigSimMv.o'
removed 'src/aig/saig/saigSimSeq.o'
removed 'src/aig/saig/saigStrSim.o'
removed 'src/aig/saig/saigSwitch.o'
removed 'src/aig/saig/saigSynch.o'
removed 'src/aig/saig/saigTempor.o'
removed 'src/aig/saig/saigTrans.o'
removed 'src/aig/saig/saigWnd.o'
removed 'src/aig/gia/giaAig.o'
removed 'src/aig/gia/giaAgi.o'
removed 'src/aig/gia/giaAiger.o'
removed 'src/aig/gia/giaAigerExt.o'
removed 'src/aig/gia/giaBalAig.o'
removed 'src/aig/gia/giaBalLut.o'
removed 'src/aig/gia/giaBalMap.o'
removed 'src/aig/gia/giaBidec.o'
removed 'src/aig/gia/giaBsFind.o'
removed 'src/aig/gia/giaCCof.o'
removed 'src/aig/gia/giaCex.o'
removed 'src/aig/gia/giaClp.o'
removed 'src/aig/gia/giaCof.o'
removed 'src/aig/gia/giaCone.o'
removed 'src/aig/gia/giaCSatOld.o'
removed 'src/aig/gia/giaCSat.o'
removed 'src/aig/gia/giaCSat2.o'
removed 'src/aig/gia/giaCSat3.o'
removed 'src/aig/gia/giaCSatP.o'
removed 'src/aig/gia/giaCTas.o'
removed 'src/aig/gia/giaCut.o'
removed 'src/aig/gia/giaDecs.o'
removed 'src/aig/gia/giaDeep.o'
removed 'src/aig/gia/giaDfs.o'
removed 'src/aig/gia/giaDup.o'
removed 'src/aig/gia/giaEdge.o'
removed 'src/aig/gia/giaEmbed.o'
removed 'src/aig/gia/giaEnable.o'
removed 'src/aig/gia/giaEquiv.o'
removed 'src/aig/gia/giaEra.o'
removed 'src/aig/gia/giaEra2.o'
removed 'src/aig/gia/giaEsop.o'
removed 'src/aig/gia/giaExist.o'
removed 'src/aig/gia/giaFalse.o'
removed 'src/aig/gia/giaFanout.o'
removed 'src/aig/gia/giaForce.o'
removed 'src/aig/gia/giaFrames.o'
removed 'src/aig/gia/giaFront.o'
removed 'src/aig/gia/giaFx.o'
removed 'src/aig/gia/giaGen.o'
removed 'src/aig/gia/giaGig.o'
removed 'src/aig/gia/giaGlitch.o'
removed 'src/aig/gia/giaHash.o'
removed 'src/aig/gia/giaIf.o'
removed 'src/aig/gia/giaIff.o'
removed 'src/aig/gia/giaIiff.o'
removed 'src/aig/gia/giaIso.o'
removed 'src/aig/gia/giaIso2.o'
removed 'src/aig/gia/giaIso3.o'
removed 'src/aig/gia/giaJf.o'
removed 'src/aig/gia/giaKf.o'
removed 'src/aig/gia/giaLf.o'
removed 'src/aig/gia/giaLutCas.o'
removed 'src/aig/gia/giaMf.o'
removed 'src/aig/gia/giaMan.o'
removed 'src/aig/gia/giaMem.o'
removed 'src/aig/gia/giaMfs.o'
removed 'src/aig/gia/giaMini.o'
removed 'src/aig/gia/giaMinLut.o'
removed 'src/aig/gia/giaMinLut2.o'
removed 'src/aig/gia/giaMulFind.o'
removed 'src/aig/gia/giaMulFind3.o'
removed 'src/aig/gia/giaMuxes.o'
removed 'src/aig/gia/giaNf.o'
removed 'src/aig/gia/giaOf.o'
removed 'src/aig/gia/giaPack.o'
removed 'src/aig/gia/giaPat.o'
removed 'src/aig/gia/giaPat2.o'
removed 'src/aig/gia/giaPf.o'
removed 'src/aig/gia/giaQbf.o'
removed 'src/aig/gia/giaReshape1.o'
removed 'src/aig/gia/giaReshape2.o'
removed 'src/aig/gia/giaResub.o'
removed 'src/aig/gia/giaResub2.o'
removed 'src/aig/gia/giaResub3.o'
removed 'src/aig/gia/giaResub6.o'
removed 'src/aig/gia/giaRetime.o'
removed 'src/aig/gia/giaRex.o'
removed 'src/aig/gia/giaSatEdge.o'
removed 'src/aig/gia/giaSatLE.o'
removed 'src/aig/gia/giaSatLut.o'
removed 'src/aig/gia/giaSatMap.o'
removed 'src/aig/gia/giaSatoko.o'
removed 'src/aig/gia/giaSatSyn.o'
removed 'src/aig/gia/giaSat3.o'
removed 'src/aig/gia/giaScl.o'
removed 'src/aig/gia/giaScript.o'
removed 'src/aig/gia/giaShow.o'
removed 'src/aig/gia/giaShrink.o'
removed 'src/aig/gia/giaShrink6.o'
removed 'src/aig/gia/giaShrink7.o'
removed 'src/aig/gia/giaSif.o'
removed 'src/aig/gia/giaSim.o'
removed 'src/aig/gia/giaSim2.o'
removed 'src/aig/gia/giaSimBase.o'
removed 'src/aig/gia/giaSort.o'
removed 'src/aig/gia/giaSpeedup.o'
removed 'src/aig/gia/giaSplit.o'
removed 'src/aig/gia/giaStg.o'
removed 'src/aig/gia/giaStoch.o'
removed 'src/aig/gia/giaStr.o'
removed 'src/aig/gia/giaSupMin.o'
removed 'src/aig/gia/giaSupp.o'
removed 'src/aig/gia/giaSupps.o'
removed 'src/aig/gia/giaSweep.o'
removed 'src/aig/gia/giaSweeper.o'
removed 'src/aig/gia/giaSwitch.o'
removed 'src/aig/gia/giaTim.o'
removed 'src/aig/gia/giaTis.o'
removed 'src/aig/gia/giaTranStoch.o'
removed 'src/aig/gia/giaTruth.o'
removed 'src/aig/gia/giaTsim.o'
removed 'src/aig/gia/giaUnate.o'
removed 'src/aig/gia/giaUtil.o'
removed 'src/aig/gia/giaBound.o'
removed 'src/aig/ioa/ioaReadAig.o'
removed 'src/aig/ioa/ioaWriteAig.o'
removed 'src/aig/ioa/ioaUtil.o'
removed 'src/aig/ivy/ivyBalance.o'
removed 'src/aig/ivy/ivyCanon.o'
removed 'src/aig/ivy/ivyCheck.o'
removed 'src/aig/ivy/ivyCut.o'
removed 'src/aig/ivy/ivyCutTrav.o'
removed 'src/aig/ivy/ivyDfs.o'
removed 'src/aig/ivy/ivyDsd.o'
removed 'src/aig/ivy/ivyFanout.o'
removed 'src/aig/ivy/ivyFastMap.o'
removed 'src/aig/ivy/ivyFraig.o'
removed 'src/aig/ivy/ivyHaig.o'
removed 'src/aig/ivy/ivyMan.o'
removed 'src/aig/ivy/ivyMem.o'
removed 'src/aig/ivy/ivyMulti.o'
removed 'src/aig/ivy/ivyObj.o'
removed 'src/aig/ivy/ivyOper.o'
removed 'src/aig/ivy/ivyResyn.o'
removed 'src/aig/ivy/ivyRwr.o'
removed 'src/aig/ivy/ivySeq.o'
removed 'src/aig/ivy/ivyShow.o'
removed 'src/aig/ivy/ivyTable.o'
removed 'src/aig/ivy/ivyUtil.o'
removed 'src/aig/hop/hopBalance.o'
removed 'src/aig/hop/hopCheck.o'
removed 'src/aig/hop/hopDfs.o'
removed 'src/aig/hop/hopMan.o'
removed 'src/aig/hop/hopMem.o'
removed 'src/aig/hop/hopObj.o'
removed 'src/aig/hop/hopOper.o'
removed 'src/aig/hop/hopTable.o'
removed 'src/aig/hop/hopTruth.o'
removed 'src/aig/hop/hopUtil.o'
removed 'arch_flags'
removed 'src/map/if/acd/ac_wrapper.d'
removed 'src/misc/util/utilPrefix.d'
removed 'src/opt/rar/rewireMiaig.d'
removed 'src/opt/eslim/eSLIM.d'
removed 'src/opt/eslim/eslimCirMan.d'
removed 'src/opt/eslim/relationGeneration.d'
removed 'src/opt/eslim/subcircuit.d'
removed 'src/opt/eslim/relationSynthesiser.d'
removed 'src/opt/eslim/areaEngine.d'
removed 'src/opt/eslim/delayEngine.d'
removed 'src/opt/ufar/UfarCmd.d'
removed 'src/opt/ufar/UfarPth.d'
removed 'src/opt/ufar/UfarMgr.d'
removed 'src/opt/untk/NtkCmd.d'
removed 'src/opt/untk/Netlist.d'
removed 'src/opt/untk/NtkNtk.d'
removed 'src/opt/util/util.d'
removed 'src/sat/glucose/AbcGlucose.d'
removed 'src/sat/glucose/AbcGlucoseCmd.d'
removed 'src/sat/glucose/Glucose.d'
removed 'src/sat/glucose/Options.d'
removed 'src/sat/glucose/SimpSolver.d'
removed 'src/sat/glucose/System.d'
removed 'src/sat/glucose2/AbcGlucose2.d'
removed 'src/sat/glucose2/AbcGlucoseCmd2.d'
removed 'src/sat/glucose2/Glucose2.d'
removed 'src/sat/glucose2/Options2.d'
removed 'src/sat/glucose2/SimpSolver2.d'
removed 'src/sat/glucose2/System2.d'
removed 'src/sat/cadical/cadical_analyze.d'
removed 'src/sat/cadical/cadical_arena.d'
removed 'src/sat/cadical/cadical_assume.d'
removed 'src/sat/cadical/cadical_averages.d'
removed 'src/sat/cadical/cadical_backbone.d'
removed 'src/sat/cadical/cadical_backtrack.d'
removed 'src/sat/cadical/cadical_backward.d'
removed 'src/sat/cadical/cadical_bins.d'
removed 'src/sat/cadical/cadical_block.d'
removed 'src/sat/cadical/cadical_ccadical.d'
removed 'src/sat/cadical/cadical_checker.d'
removed 'src/sat/cadical/cadical_clause.d'
removed 'src/sat/cadical/cadical_collect.d'
removed 'src/sat/cadical/cadical_compact.d'
removed 'src/sat/cadical/cadical_condition.d'
removed 'src/sat/cadical/cadical_config.d'
removed 'src/sat/cadical/cadical_congruence.d'
removed 'src/sat/cadical/cadical_constrain.d'
removed 'src/sat/cadical/cadical_contract.d'
removed 'src/sat/cadical/cadical_cover.d'
removed 'src/sat/cadical/cadical_decide.d'
removed 'src/sat/cadical/cadical_decompose.d'
removed 'src/sat/cadical/cadical_deduplicate.d'
removed 'src/sat/cadical/cadical_definition.d'
removed 'src/sat/cadical/cadical_drattracer.d'
removed 'src/sat/cadical/cadical_elim.d'
removed 'src/sat/cadical/cadical_elimfast.d'
removed 'src/sat/cadical/cadical_ema.d'
removed 'src/sat/cadical/cadical_extend.d'
removed 'src/sat/cadical/cadical_external.d'
removed 'src/sat/cadical/cadical_external_propagate.d'
removed 'src/sat/cadical/cadical_factor.d'
removed 'src/sat/cadical/cadical_file.d'
removed 'src/sat/cadical/cadical_flags.d'
removed 'src/sat/cadical/cadical_flip.d'
removed 'src/sat/cadical/cadical_format.d'
removed 'src/sat/cadical/cadical_frattracer.d'
removed 'src/sat/cadical/cadical_gates.d'
removed 'src/sat/cadical/cadical_idruptracer.d'
removed 'src/sat/cadical/cadical_instantiate.d'
removed 'src/sat/cadical/cadical_internal.d'
removed 'src/sat/cadical/cadical_ipasir.d'
removed 'src/sat/cadical/cadical_lidruptracer.d'
removed 'src/sat/cadical/cadical_limit.d'
removed 'src/sat/cadical/cadical_logging.d'
removed 'src/sat/cadical/cadical_lookahead.d'
removed 'src/sat/cadical/cadical_lratchecker.d'
removed 'src/sat/cadical/cadical_lrattracer.d'
removed 'src/sat/cadical/cadical_lucky.d'
removed 'src/sat/cadical/cadical_message.d'
removed 'src/sat/cadical/cadical_minimize.d'
removed 'src/sat/cadical/cadical_occs.d'
removed 'src/sat/cadical/cadical_options.d'
removed 'src/sat/cadical/cadical_parse.d'
removed 'src/sat/cadical/cadical_phases.d'
removed 'src/sat/cadical/cadical_probe.d'
removed 'src/sat/cadical/cadical_profile.d'
removed 'src/sat/cadical/cadical_proof.d'
removed 'src/sat/cadical/cadical_propagate.d'
removed 'src/sat/cadical/cadical_queue.d'
removed 'src/sat/cadical/cadical_random.d'
removed 'src/sat/cadical/cadical_reap.d'
removed 'src/sat/cadical/cadical_reduce.d'
removed 'src/sat/cadical/cadical_rephase.d'
removed 'src/sat/cadical/cadical_report.d'
removed 'src/sat/cadical/cadical_resources.d'
removed 'src/sat/cadical/cadical_restart.d'
removed 'src/sat/cadical/cadical_restore.d'
removed 'src/sat/cadical/cadical_score.d'
removed 'src/sat/cadical/cadical_shrink.d'
removed 'src/sat/cadical/cadical_signal.d'
removed 'src/sat/cadical/cadical_solution.d'
removed 'src/sat/cadical/cadical_solver.d'
removed 'src/sat/cadical/cadical_stable.d'
removed 'src/sat/cadical/cadical_stats.d'
removed 'src/sat/cadical/cadical_subsume.d'
removed 'src/sat/cadical/cadical_sweep.d'
removed 'src/sat/cadical/cadical_terminal.d'
removed 'src/sat/cadical/cadical_ternary.d'
removed 'src/sat/cadical/cadical_tier.d'
removed 'src/sat/cadical/cadical_transred.d'
removed 'src/sat/cadical/cadical_unstable.d'
removed 'src/sat/cadical/cadical_util.d'
removed 'src/sat/cadical/cadical_var.d'
removed 'src/sat/cadical/cadical_veripbtracer.d'
removed 'src/sat/cadical/cadical_version.d'
removed 'src/sat/cadical/cadical_vivify.d'
removed 'src/sat/cadical/cadical_walk.d'
removed 'src/sat/cadical/cadical_walk_full_occs.d'
removed 'src/sat/cadical/cadical_warmup.d'
removed 'src/sat/cadical/cadical_watch.d'
removed 'src/aig/gia/giaRrr.d'
removed 'src/aig/gia/giaTransduction.d'
removed 'src/aig/gia/giaTtopt.d'
removed 'src/aig/gia/giaDecGraph.d'
removed 'src/base/abc/abcAig.d'
removed 'src/base/abc/abcBarBuf.d'
removed 'src/base/abc/abcBlifMv.d'
removed 'src/base/abc/abcCheck.d'
removed 'src/base/abc/abcDfs.d'
removed 'src/base/abc/abcFanio.d'
removed 'src/base/abc/abcFanOrder.d'
removed 'src/base/abc/abcFunc.d'
removed 'src/base/abc/abcHie.d'
removed 'src/base/abc/abcHieCec.d'
removed 'src/base/abc/abcHieGia.d'
removed 'src/base/abc/abcHieNew.d'
removed 'src/base/abc/abcLatch.d'
removed 'src/base/abc/abcLib.d'
removed 'src/base/abc/abcMinBase.d'
removed 'src/base/abc/abcNames.d'
removed 'src/base/abc/abcNetlist.d'
removed 'src/base/abc/abcNtk.d'
removed 'src/base/abc/abcObj.d'
removed 'src/base/abc/abcRefs.d'
removed 'src/base/abc/abcShow.d'
removed 'src/base/abc/abcSop.d'
removed 'src/base/abc/abcUtil.d'
removed 'src/base/abci/abc.d'
removed 'src/base/abci/abcAttach.d'
removed 'src/base/abci/abcAuto.d'
removed 'src/base/abci/abcBalance.d'
removed 'src/base/abci/abcBidec.d'
removed 'src/base/abci/abcBm.d'
removed 'src/base/abci/abcBmc.d'
removed 'src/base/abci/abcCas.d'
removed 'src/base/abci/abcCascade.d'
removed 'src/base/abci/abcCollapse.d'
removed 'src/base/abci/abcCut.d'
removed 'src/base/abci/abcDar.d'
removed 'src/base/abci/abcDebug.d'
removed 'src/base/abci/abcDec.d'
removed 'src/base/abci/abcDetect.d'
removed 'src/base/abci/abcDress.d'
removed 'src/base/abci/abcDress2.d'
removed 'src/base/abci/abcDress3.d'
removed 'src/base/abci/abcDsd.d'
removed 'src/base/abci/abcEco.d'
removed 'src/base/abci/abcExact.d'
removed 'src/base/abci/abcExtract.d'
removed 'src/base/abci/abcFraig.d'
removed 'src/base/abci/abcFx.d'
removed 'src/base/abci/abcFxu.d'
removed 'src/base/abci/abcGen.d'
removed 'src/base/abci/abcHaig.d'
removed 'src/base/abci/abcIf.d'
removed 'src/base/abci/abcIfif.d'
removed 'src/base/abci/abcIfMux.d'
removed 'src/base/abci/abcIvy.d'
removed 'src/base/abci/abcLog.d'
removed 'src/base/abci/abcLut.d'
removed 'src/base/abci/abcLutmin.d'
removed 'src/base/abci/abcMap.d'
removed 'src/base/abci/abcMerge.d'
removed 'src/base/abci/abcMfs.d'
removed 'src/base/abci/abcMini.d'
removed 'src/base/abci/abcMiter.d'
removed 'src/base/abci/abcMulti.d'
removed 'src/base/abci/abcNtbdd.d'
removed 'src/base/abci/abcNpn.d'
removed 'src/base/abci/abcNpnSave.d'
removed 'src/base/abci/abcOrchestration.d'
removed 'src/base/abci/abcOdc.d'
removed 'src/base/abci/abcOrder.d'
removed 'src/base/abci/abcPart.d'
removed 'src/base/abci/abcPrint.d'
removed 'src/base/abci/abcProve.d'
removed 'src/base/abci/abcQbf.d'
removed 'src/base/abci/abcQuant.d'
removed 'src/base/abci/abcRmInverters.d'
removed 'src/base/abci/abcRec3.d'
removed 'src/base/abci/abcReconv.d'
removed 'src/base/abci/abcReach.d'
removed 'src/base/abci/abcRefactor.d'
removed 'src/base/abci/abcRenode.d'
removed 'src/base/abci/abcReorder.d'
removed 'src/base/abci/abcRestruct.d'
removed 'src/base/abci/abcResub.d'
removed 'src/base/abci/abcRewrite.d'
removed 'src/base/abci/abcRpo.d'
removed 'src/base/abci/abcRr.d'
removed 'src/base/abci/abcRunGen.d'
removed 'src/base/abci/abcSat.d'
removed 'src/base/abci/abcSaucy.d'
removed 'src/base/abci/abcScorr.d'
removed 'src/base/abci/abcSense.d'
removed 'src/base/abci/abcSpeedup.d'
removed 'src/base/abci/abcStrash.d'
removed 'src/base/abci/abcSweep.d'
removed 'src/base/abci/abcSymm.d'
removed 'src/base/abci/abcTim.d'
removed 'src/base/abci/abcTiming.d'
removed 'src/base/abci/abcTopo.d'
removed 'src/base/abci/abcUnate.d'
removed 'src/base/abci/abcUnreach.d'
removed 'src/base/abci/abcVerify.d'
removed 'src/base/abci/abcXsim.d'
removed 'src/base/cmd/cmd.d'
removed 'src/base/cmd/cmdAlias.d'
removed 'src/base/cmd/cmdApi.d'
removed 'src/base/cmd/cmdAuto.d'
removed 'src/base/cmd/cmdFlag.d'
removed 'src/base/cmd/cmdHist.d'
removed 'src/base/cmd/cmdLoad.d'
removed 'src/base/cmd/cmdPlugin.d'
removed 'src/base/cmd/cmdStarter.d'
removed 'src/base/cmd/cmdUtils.d'
removed 'src/base/io/io.d'
removed 'src/base/io/ioJson.d'
removed 'src/base/io/ioJsonc.d'
removed 'src/base/io/ioReadAiger.d'
removed 'src/base/io/ioReadBaf.d'
removed 'src/base/io/ioReadBblif.d'
removed 'src/base/io/ioReadBench.d'
removed 'src/base/io/ioReadBlif.d'
removed 'src/base/io/ioReadBlifAig.d'
removed 'src/base/io/ioReadBlifMv.d'
removed 'src/base/io/ioReadDsd.d'
removed 'src/base/io/ioReadEdif.d'
removed 'src/base/io/ioReadEqn.d'
removed 'src/base/io/ioReadPla.d'
removed 'src/base/io/ioReadPlaMo.d'
removed 'src/base/io/ioReadVerilog.d'
removed 'src/base/io/ioUtil.d'
removed 'src/base/io/ioWriteAiger.d'
removed 'src/base/io/ioWriteBaf.d'
removed 'src/base/io/ioWriteBblif.d'
removed 'src/base/io/ioWriteBench.d'
removed 'src/base/io/ioWriteBlif.d'
removed 'src/base/io/ioWriteBlifMv.d'
removed 'src/base/io/ioWriteBook.d'
removed 'src/base/io/ioWriteCnf.d'
removed 'src/base/io/ioWriteDot.d'
removed 'src/base/io/ioWriteEqn.d'
removed 'src/base/io/ioWriteEdgelist.d'
removed 'src/base/io/ioWriteGml.d'
removed 'src/base/io/ioWriteHMetis.d'
removed 'src/base/io/ioWriteList.d'
removed 'src/base/io/ioWritePla.d'
removed 'src/base/io/ioWriteVerilog.d'
removed 'src/base/io/ioWriteSmv.d'
removed 'src/base/main/main.d'
removed 'src/base/main/mainFrame.d'
removed 'src/base/main/mainInit.d'
removed 'src/base/main/mainLib.d'
removed 'src/base/main/mainReal.d'
removed 'src/base/main/libSupport.d'
removed 'src/base/main/mainUtils.d'
removed 'src/base/exor/exor.d'
removed 'src/base/exor/exorBits.d'
removed 'src/base/exor/exorCubes.d'
removed 'src/base/exor/exorLink.d'
removed 'src/base/exor/exorList.d'
removed 'src/base/exor/exorUtil.d'
removed 'src/base/ver/verCore.d'
removed 'src/base/ver/verFormula.d'
removed 'src/base/ver/verParse.d'
removed 'src/base/ver/verStream.d'
removed 'src/base/wlc/wlcAbs.d'
removed 'src/base/wlc/wlcAbs2.d'
removed 'src/base/wlc/wlcAbc.d'
removed 'src/base/wlc/wlcPth.d'
removed 'src/base/wlc/wlcBlast.d'
removed 'src/base/wlc/wlcCom.d'
removed 'src/base/wlc/wlcGraft.d'
removed 'src/base/wlc/wlcJson.d'
removed 'src/base/wlc/wlcMem.d'
removed 'src/base/wlc/wlcNdr.d'
removed 'src/base/wlc/wlcNtk.d'
removed 'src/base/wlc/wlcReadSmt.d'
removed 'src/base/wlc/wlcReadVer.d'
removed 'src/base/wlc/wlcSim.d'
removed 'src/base/wlc/wlcShow.d'
removed 'src/base/wlc/wlcStdin.d'
removed 'src/base/wlc/wlcUif.d'
removed 'src/base/wlc/wlcWin.d'
removed 'src/base/wlc/wlcWriteVer.d'
removed 'src/base/wln/wln.d'
removed 'src/base/wln/wlnBlast.d'
removed 'src/base/wln/wlnCom.d'
removed 'src/base/wln/wlnGuide.d'
removed 'src/base/wln/wlnMem.d'
removed 'src/base/wln/wlnNdr.d'
removed 'src/base/wln/wlnNtk.d'
removed 'src/base/wln/wlnObj.d'
removed 'src/base/wln/wlnRead.d'
removed 'src/base/wln/wlnRetime.d'
removed 'src/base/wln/wlnWlc.d'
removed 'src/base/wln/wlnWriteVer.d'
removed 'src/base/sn/snCom.d'
removed 'src/base/sn/snGia.d'
removed 'src/base/sn/snRead.d'
removed 'src/base/sn/snSec.d'
removed 'src/base/acb/acbAbc.d'
removed 'src/base/acb/acbAig.d'
removed 'src/base/acb/acbFunc.d'
removed 'src/base/acb/acbMfs.d'
removed 'src/base/acb/acbPush.d'
removed 'src/base/acb/acbSets.d'
removed 'src/base/acb/acbTest.d'
removed 'src/base/acb/acbUtil.d'
removed 'src/base/acb/acbXec.d'
removed 'src/base/pla/plaCom.d'
removed 'src/base/pla/plaHash.d'
removed 'src/base/pla/plaMan.d'
removed 'src/base/pla/plaMerge.d'
removed 'src/base/pla/plaSimple.d'
removed 'src/base/pla/plaRead.d'
removed 'src/base/pla/plaWrite.d'
removed 'src/base/test/test.d'
removed 'src/map/mapper/mapper.d'
removed 'src/map/mapper/mapperCanon.d'
removed 'src/map/mapper/mapperCore.d'
removed 'src/map/mapper/mapperCreate.d'
removed 'src/map/mapper/mapperCut.d'
removed 'src/map/mapper/mapperCutUtils.d'
removed 'src/map/mapper/mapperLib.d'
removed 'src/map/mapper/mapperMatch.d'
removed 'src/map/mapper/mapperRefs.d'
removed 'src/map/mapper/mapperSuper.d'
removed 'src/map/mapper/mapperSwitch.d'
removed 'src/map/mapper/mapperTable.d'
removed 'src/map/mapper/mapperTime.d'
removed 'src/map/mapper/mapperTree.d'
removed 'src/map/mapper/mapperTruth.d'
removed 'src/map/mapper/mapperUtils.d'
removed 'src/map/mapper/mapperVec.d'
removed 'src/map/mio/mio.d'
removed 'src/map/mio/mioApi.d'
removed 'src/map/mio/mioFunc.d'
removed 'src/map/mio/mioParse.d'
removed 'src/map/mio/mioRead.d'
removed 'src/map/mio/mioSop.d'
removed 'src/map/mio/mioUtils.d'
removed 'src/map/super/super.d'
removed 'src/map/super/superAnd.d'
removed 'src/map/super/superGate.d'
removed 'src/map/if/ifCom.d'
removed 'src/map/if/ifCache.d'
removed 'src/map/if/ifCore.d'
removed 'src/map/if/ifCut.d'
removed 'src/map/if/ifData2.d'
removed 'src/map/if/ifDec07.d'
removed 'src/map/if/ifDec08.d'
removed 'src/map/if/ifDec10.d'
removed 'src/map/if/ifDec16.d'
removed 'src/map/if/ifDec66.d'
removed 'src/map/if/ifDec75.d'
removed 'src/map/if/ifDecJ.d'
removed 'src/map/if/ifTrace.d'
removed 'src/map/if/ifDelay.d'
removed 'src/map/if/ifDsd.d'
removed 'src/map/if/ifLibBox.d'
removed 'src/map/if/ifLibLut.d'
removed 'src/map/if/ifMan.d'
removed 'src/map/if/ifMap.d'
removed 'src/map/if/ifMatch2.d'
removed 'src/map/if/ifReduce.d'
removed 'src/map/if/ifSat.d'
removed 'src/map/if/ifSelect.d'
removed 'src/map/if/ifSeq.d'
removed 'src/map/if/ifTest.d'
removed 'src/map/if/ifTime.d'
removed 'src/map/if/ifTruth.d'
removed 'src/map/if/ifTune.d'
removed 'src/map/if/ifUtil.d'
removed 'src/map/amap/amapCore.d'
removed 'src/map/amap/amapGraph.d'
removed 'src/map/amap/amapLib.d'
removed 'src/map/amap/amapLiberty.d'
removed 'src/map/amap/amapMan.d'
removed 'src/map/amap/amapMatch.d'
removed 'src/map/amap/amapMerge.d'
removed 'src/map/amap/amapOutput.d'
removed 'src/map/amap/amapParse.d'
removed 'src/map/amap/amapPerm.d'
removed 'src/map/amap/amapRead.d'
removed 'src/map/amap/amapRule.d'
removed 'src/map/amap/amapUniq.d'
removed 'src/map/cov/covBuild.d'
removed 'src/map/cov/covCore.d'
removed 'src/map/cov/covMan.d'
removed 'src/map/cov/covMinEsop.d'
removed 'src/map/cov/covMinMan.d'
removed 'src/map/cov/covMinSop.d'
removed 'src/map/cov/covMinUtil.d'
removed 'src/map/scl/scl.d'
removed 'src/map/scl/sclBuffer.d'
removed 'src/map/scl/sclBufSize.d'
removed 'src/map/scl/sclDnsize.d'
removed 'src/map/scl/sclLiberty.d'
removed 'src/map/scl/sclLibScl.d'
removed 'src/map/scl/sclLibUtil.d'
removed 'src/map/scl/sclLoad.d'
removed 'src/map/scl/sclSize.d'
removed 'src/map/scl/sclUpsize.d'
removed 'src/map/scl/sclUtil.d'
removed 'src/map/mpm/mpmAbc.d'
removed 'src/map/mpm/mpmCore.d'
removed 'src/map/mpm/mpmDsd.d'
removed 'src/map/mpm/mpmGates.d'
removed 'src/map/mpm/mpmLib.d'
removed 'src/map/mpm/mpmMan.d'
removed 'src/map/mpm/mpmMap.d'
removed 'src/map/mpm/mpmMig.d'
removed 'src/map/mpm/mpmPre.d'
removed 'src/map/mpm/mpmTruth.d'
removed 'src/map/mpm/mpmUtil.d'
removed 'src/map/emap/emap.d'
removed 'src/map/emap/emapCore.d'
removed 'src/misc/extra/extraUtilBitMatrix.d'
removed 'src/misc/extra/extraUtilCanon.d'
removed 'src/misc/extra/extraUtilCfs.d'
removed 'src/misc/extra/extraUtilCube.d'
removed 'src/misc/extra/extraUtilDsd.d'
removed 'src/misc/extra/extraUtilEnum.d'
removed 'src/misc/extra/extraUtilFile.d'
removed 'src/misc/extra/extraUtilGen.d'
removed 'src/misc/extra/extraUtilMacc.d'
removed 'src/misc/extra/extraUtilMaj.d'
removed 'src/misc/extra/extraUtilMemory.d'
removed 'src/misc/extra/extraUtilMisc.d'
removed 'src/misc/extra/extraUtilMult.d'
removed 'src/misc/extra/extraUtilPath.d'
removed 'src/misc/extra/extraUtilPerm.d'
removed 'src/misc/extra/extraUtilProgress.d'
removed 'src/misc/extra/extraUtilReader.d'
removed 'src/misc/extra/extraUtilSupp.d'
removed 'src/misc/extra/extraUtilTruth.d'
removed 'src/misc/extra/extraUtilUtil.d'
removed 'src/misc/mvc/mvcApi.d'
removed 'src/misc/mvc/mvcCompare.d'
removed 'src/misc/mvc/mvcContain.d'
removed 'src/misc/mvc/mvcCover.d'
removed 'src/misc/mvc/mvcCube.d'
removed 'src/misc/mvc/mvcDivide.d'
removed 'src/misc/mvc/mvcDivisor.d'
removed 'src/misc/mvc/mvcList.d'
removed 'src/misc/mvc/mvcLits.d'
removed 'src/misc/mvc/mvcMan.d'
removed 'src/misc/mvc/mvcOpAlg.d'
removed 'src/misc/mvc/mvcOpBool.d'
removed 'src/misc/mvc/mvcPrint.d'
removed 'src/misc/mvc/mvcSort.d'
removed 'src/misc/mvc/mvcUtils.d'
removed 'src/misc/st/st.d'
removed 'src/misc/st/stmm.d'
removed 'src/misc/util/utilAigSim.d'
removed 'src/misc/util/utilBridge.d'
removed 'src/misc/util/utilBipart.d'
removed 'src/misc/util/utilBSet.d'
removed 'src/misc/util/utilCex.d'
removed 'src/misc/util/utilColor.d'
removed 'src/misc/util/utilFile.d'
removed 'src/misc/util/utilIsop.d'
removed 'src/misc/util/utilLinear.d'
removed 'src/misc/util/utilMiniver.d'
removed 'src/misc/util/utilMulSim.d'
removed 'src/misc/util/utilNam.d'
removed 'src/misc/util/utilNet.d'
removed 'src/misc/util/utilPth.d'
removed 'src/misc/util/utilSignal.d'
removed 'src/misc/util/utilSort.d'
removed 'src/misc/nm/nmApi.d'
removed 'src/misc/nm/nmTable.d'
removed 'src/misc/tim/timBox.d'
removed 'src/misc/tim/timDump.d'
removed 'src/misc/tim/timMan.d'
removed 'src/misc/tim/timTime.d'
removed 'src/misc/tim/timTrav.d'
removed 'src/misc/bzlib/blocksort.d'
removed 'src/misc/bzlib/bzlib.d'
removed 'src/misc/bzlib/compress.d'
removed 'src/misc/bzlib/crctable.d'
removed 'src/misc/bzlib/decompress.d'
removed 'src/misc/bzlib/huffman.d'
removed 'src/misc/bzlib/randtable.d'
removed 'src/misc/zlib/adler32.d'
removed 'src/misc/zlib/compress_.d'
removed 'src/misc/zlib/crc32.d'
removed 'src/misc/zlib/deflate.d'
removed 'src/misc/zlib/gzclose.d'
removed 'src/misc/zlib/gzlib.d'
removed 'src/misc/zlib/gzread.d'
removed 'src/misc/zlib/gzwrite.d'
removed 'src/misc/zlib/infback.d'
removed 'src/misc/zlib/inffast.d'
removed 'src/misc/zlib/inflate.d'
removed 'src/misc/zlib/inftrees.d'
removed 'src/misc/zlib/trees.d'
removed 'src/misc/zlib/uncompr.d'
removed 'src/misc/zlib/zutil.d'
removed 'src/misc/mem/mem.d'
removed 'src/misc/bar/bar.d'
removed 'src/misc/bbl/bblif.d'
removed 'src/misc/parse/parseEqn.d'
removed 'src/misc/parse/parseStack.d'
removed 'src/misc/btor/btor2parser.d'
removed 'src/misc/btor/catbtor.d'
removed 'src/opt/cut/cutApi.d'
removed 'src/opt/cut/cutCut.d'
removed 'src/opt/cut/cutMan.d'
removed 'src/opt/cut/cutMerge.d'
removed 'src/opt/cut/cutNode.d'
removed 'src/opt/cut/cutOracle.d'
removed 'src/opt/cut/cutPre22.d'
removed 'src/opt/cut/cutSeq.d'
removed 'src/opt/cut/cutTruth.d'
removed 'src/opt/fxu/fxu.d'
removed 'src/opt/fxu/fxuCreate.d'
removed 'src/opt/fxu/fxuHeapD.d'
removed 'src/opt/fxu/fxuHeapS.d'
removed 'src/opt/fxu/fxuList.d'
removed 'src/opt/fxu/fxuMatrix.d'
removed 'src/opt/fxu/fxuPair.d'
removed 'src/opt/fxu/fxuPrint.d'
removed 'src/opt/fxu/fxuReduce.d'
removed 'src/opt/fxu/fxuSelect.d'
removed 'src/opt/fxu/fxuSingle.d'
removed 'src/opt/fxu/fxuUpdate.d'
removed 'src/opt/fxch/Fxch.d'
removed 'src/opt/fxch/FxchDiv.d'
removed 'src/opt/fxch/FxchMan.d'
removed 'src/opt/fxch/FxchSCHashTable.d'
removed 'src/opt/rwr/rwrDec.d'
removed 'src/opt/rwr/rwrEva.d'
removed 'src/opt/rwr/rwrExp.d'
removed 'src/opt/rwr/rwrLib.d'
removed 'src/opt/rwr/rwrMan.d'
removed 'src/opt/rwr/rwrPrint.d'
removed 'src/opt/rwr/rwrUtil.d'
removed 'src/opt/mfs/mfsCore.d'
removed 'src/opt/mfs/mfsDiv.d'
removed 'src/opt/mfs/mfsInter.d'
removed 'src/opt/mfs/mfsMan.d'
removed 'src/opt/mfs/mfsResub.d'
removed 'src/opt/mfs/mfsSat.d'
removed 'src/opt/mfs/mfsStrash.d'
removed 'src/opt/mfs/mfsWin.d'
removed 'src/opt/sim/simMan.d'
removed 'src/opt/sim/simSeq.d'
removed 'src/opt/sim/simSupp.d'
removed 'src/opt/sim/simSwitch.d'
removed 'src/opt/sim/simSym.d'
removed 'src/opt/sim/simSymSat.d'
removed 'src/opt/sim/simSymSim.d'
removed 'src/opt/sim/simSymStr.d'
removed 'src/opt/sim/simUtils.d'
removed 'src/opt/ret/retArea.d'
removed 'src/opt/ret/retCore.d'
removed 'src/opt/ret/retDelay.d'
removed 'src/opt/ret/retFlow.d'
removed 'src/opt/ret/retIncrem.d'
removed 'src/opt/ret/retInit.d'
removed 'src/opt/ret/retLvalue.d'
removed 'src/opt/fret/fretMain.d'
removed 'src/opt/fret/fretFlow.d'
removed 'src/opt/fret/fretInit.d'
removed 'src/opt/fret/fretTime.d'
removed 'src/opt/res/resCore.d'
removed 'src/opt/res/resDivs.d'
removed 'src/opt/res/resFilter.d'
removed 'src/opt/res/resSat.d'
removed 'src/opt/res/resSim.d'
removed 'src/opt/res/resStrash.d'
removed 'src/opt/res/resWin.d'
removed 'src/opt/lpk/lpkCore.d'
removed 'src/opt/lpk/lpkAbcDec.d'
removed 'src/opt/lpk/lpkAbcMux.d'
removed 'src/opt/lpk/lpkAbcDsd.d'
removed 'src/opt/lpk/lpkAbcUtil.d'
removed 'src/opt/lpk/lpkCut.d'
removed 'src/opt/lpk/lpkMan.d'
removed 'src/opt/lpk/lpkMap.d'
removed 'src/opt/lpk/lpkMulti.d'
removed 'src/opt/lpk/lpkMux.d'
removed 'src/opt/lpk/lpkSets.d'
removed 'src/opt/nwk/nwkAig.d'
removed 'src/opt/nwk/nwkCheck.d'
removed 'src/opt/nwk/nwkBidec.d'
removed 'src/opt/nwk/nwkDfs.d'
removed 'src/opt/nwk/nwkFanio.d'
removed 'src/opt/nwk/nwkFlow.d'
removed 'src/opt/nwk/nwkMan.d'
removed 'src/opt/nwk/nwkMap.d'
removed 'src/opt/nwk/nwkMerge.d'
removed 'src/opt/nwk/nwkObj.d'
removed 'src/opt/nwk/nwkSpeedup.d'
removed 'src/opt/nwk/nwkStrash.d'
removed 'src/opt/nwk/nwkTiming.d'
removed 'src/opt/nwk/nwkUtil.d'
removed 'src/opt/rwt/rwtDec.d'
removed 'src/opt/rwt/rwtMan.d'
removed 'src/opt/rwt/rwtUtil.d'
removed 'src/opt/rar/rewireRng.d'
removed 'src/opt/rar/rewireMap.d'
removed 'src/opt/rar/rewireRar.d'
removed 'src/opt/cgt/cgtAig.d'
removed 'src/opt/cgt/cgtCore.d'
removed 'src/opt/cgt/cgtDecide.d'
removed 'src/opt/cgt/cgtMan.d'
removed 'src/opt/cgt/cgtSat.d'
removed 'src/opt/csw/cswCore.d'
removed 'src/opt/csw/cswCut.d'
removed 'src/opt/csw/cswMan.d'
removed 'src/opt/csw/cswTable.d'
removed 'src/opt/dar/darBalance.d'
removed 'src/opt/dar/darCore.d'
removed 'src/opt/dar/darCut.d'
removed 'src/opt/dar/darData.d'
removed 'src/opt/dar/darLib.d'
removed 'src/opt/dar/darMan.d'
removed 'src/opt/dar/darPrec.d'
removed 'src/opt/dar/darRefact.d'
removed 'src/opt/dar/darScript.d'
removed 'src/opt/dau/dauCanon.d'
removed 'src/opt/dau/dauCore.d'
removed 'src/opt/dau/dauCount.d'
removed 'src/opt/dau/dauDivs.d'
removed 'src/opt/dau/dauDsd.d'
removed 'src/opt/dau/dauEnum.d'
removed 'src/opt/dau/dauGia.d'
removed 'src/opt/dau/dauMerge.d'
removed 'src/opt/dau/dauNonDsd.d'
removed 'src/opt/dau/dauNpn.d'
removed 'src/opt/dau/dauNpn2.d'
removed 'src/opt/dau/dauTree.d'
removed 'src/opt/dsc/dsc.d'
removed 'src/opt/sfm/sfmArea.d'
removed 'src/opt/sfm/sfmCnf.d'
removed 'src/opt/sfm/sfmCore.d'
removed 'src/opt/sfm/sfmDec.d'
removed 'src/opt/sfm/sfmLib.d'
removed 'src/opt/sfm/sfmNtk.d'
removed 'src/opt/sfm/sfmSat.d'
removed 'src/opt/sfm/sfmTim.d'
removed 'src/opt/sfm/sfmMit.d'
removed 'src/opt/sfm/sfmWin.d'
removed 'src/opt/sbd/sbd.d'
removed 'src/opt/sbd/sbdCnf.d'
removed 'src/opt/sbd/sbdCore.d'
removed 'src/opt/sbd/sbdCut.d'
removed 'src/opt/sbd/sbdCut2.d'
removed 'src/opt/sbd/sbdLut.d'
removed 'src/opt/sbd/sbdPath.d'
removed 'src/opt/sbd/sbdSat.d'
removed 'src/opt/sbd/sbdWin.d'
removed 'src/sat/bsat/satMem.d'
removed 'src/sat/bsat/satInter.d'
removed 'src/sat/bsat/satInterA.d'
removed 'src/sat/bsat/satInterB.d'
removed 'src/sat/bsat/satInterP.d'
removed 'src/sat/bsat/satProof.d'
removed 'src/sat/bsat/satSolver.d'
removed 'src/sat/bsat/satSolver2.d'
removed 'src/sat/bsat/satSolver2i.d'
removed 'src/sat/bsat/satSolver3.d'
removed 'src/sat/bsat/satStore.d'
removed 'src/sat/bsat/satTrace.d'
removed 'src/sat/bsat/satTruth.d'
removed 'src/sat/bsat/satUtil.d'
removed 'src/sat/xsat/xsatSolver.d'
removed 'src/sat/xsat/xsatSolverAPI.d'
removed 'src/sat/xsat/xsatCnfReader.d'
removed 'src/sat/satoko/solver.d'
removed 'src/sat/satoko/solver_api.d'
removed 'src/sat/satoko/cnf_reader.d'
removed 'src/sat/csat/csat_apis.d'
removed 'src/sat/msat/msatActivity.d'
removed 'src/sat/msat/msatClause.d'
removed 'src/sat/msat/msatClauseVec.d'
removed 'src/sat/msat/msatMem.d'
removed 'src/sat/msat/msatOrderH.d'
removed 'src/sat/msat/msatQueue.d'
removed 'src/sat/msat/msatRead.d'
removed 'src/sat/msat/msatSolverApi.d'
removed 'src/sat/msat/msatSolverCore.d'
removed 'src/sat/msat/msatSolverIo.d'
removed 'src/sat/msat/msatSolverSearch.d'
removed 'src/sat/msat/msatSort.d'
removed 'src/sat/msat/msatVec.d'
removed 'src/sat/cnf/cnfCore.d'
removed 'src/sat/cnf/cnfCut.d'
removed 'src/sat/cnf/cnfData.d'
removed 'src/sat/cnf/cnfFast.d'
removed 'src/sat/cnf/cnfMan.d'
removed 'src/sat/cnf/cnfMap.d'
removed 'src/sat/cnf/cnfPost.d'
removed 'src/sat/cnf/cnfUtil.d'
removed 'src/sat/cnf/cnfWrite.d'
removed 'src/sat/bmc/bmcBCore.d'
removed 'src/sat/bmc/bmcBmc.d'
removed 'src/sat/bmc/bmcBmc2.d'
removed 'src/sat/bmc/bmcBmc3.d'
removed 'src/sat/bmc/bmcBmcAnd.d'
removed 'src/sat/bmc/bmcBmci.d'
removed 'src/sat/bmc/bmcBmcG.d'
removed 'src/sat/bmc/bmcBmcS.d'
removed 'src/sat/bmc/bmcCexCare.d'
removed 'src/sat/bmc/bmcCexCut.d'
removed 'src/sat/bmc/bmcCexDepth.d'
removed 'src/sat/bmc/bmcCexMin1.d'
removed 'src/sat/bmc/bmcCexMin2.d'
removed 'src/sat/bmc/bmcCexTools.d'
removed 'src/sat/bmc/bmcChain.d'
removed 'src/sat/bmc/bmcClp.d'
removed 'src/sat/bmc/bmcEco.d'
removed 'src/sat/bmc/bmcExpand.d'
removed 'src/sat/bmc/bmcFault.d'
removed 'src/sat/bmc/bmcFx.d'
removed 'src/sat/bmc/bmcGen.d'
removed 'src/sat/bmc/bmcICheck.d'
removed 'src/sat/bmc/bmcInse.d'
removed 'src/sat/bmc/bmcLoad.d'
removed 'src/sat/bmc/bmcMaj.d'
removed 'src/sat/bmc/bmcMaj2.d'
removed 'src/sat/bmc/bmcMaj3.d'
removed 'src/sat/bmc/bmcMaj7.d'
removed 'src/sat/bmc/bmcMaj8.d'
removed 'src/sat/bmc/bmcMaj9.d'
removed 'src/sat/bmc/bmcMaxi.d'
removed 'src/sat/bmc/bmcMesh.d'
removed 'src/sat/bmc/bmcMesh2.d'
removed 'src/sat/bmc/bmcMulti.d'
removed 'src/sat/bmc/bmcUnroll.d'
removed 'src/sat/kissat/kissatSolver.d'
removed 'src/sat/kissat/kissatTest.d'
removed 'src/sat/kissat/allocate.d'
removed 'src/sat/kissat/analyze.d'
removed 'src/sat/kissat/ands.d'
removed 'src/sat/kissat/arena.d'
removed 'src/sat/kissat/assign.d'
removed 'src/sat/kissat/averages.d'
removed 'src/sat/kissat/backbone.d'
removed 'src/sat/kissat/backtrack.d'
removed 'src/sat/kissat/build.d'
removed 'src/sat/kissat/bump.d'
removed 'src/sat/kissat/check.d'
removed 'src/sat/kissat/classify.d'
removed 'src/sat/kissat/clause.d'
removed 'src/sat/kissat/collect.d'
removed 'src/sat/kissat/colors.d'
removed 'src/sat/kissat/compact.d'
removed 'src/sat/kissat/config.d'
removed 'src/sat/kissat/congruence.d'
removed 'src/sat/kissat/decide.d'
removed 'src/sat/kissat/deduce.d'
removed 'src/sat/kissat/definition.d'
removed 'src/sat/kissat/dense.d'
removed 'src/sat/kissat/dump.d'
removed 'src/sat/kissat/eliminate.d'
removed 'src/sat/kissat/equivalences.d'
removed 'src/sat/kissat/error.d'
removed 'src/sat/kissat/extend.d'
removed 'src/sat/kissat/factor.d'
removed 'src/sat/kissat/fastel.d'
removed 'src/sat/kissat/file.d'
removed 'src/sat/kissat/flags.d'
removed 'src/sat/kissat/format.d'
removed 'src/sat/kissat/forward.d'
removed 'src/sat/kissat/gates.d'
removed 'src/sat/kissat/heap.d'
removed 'src/sat/kissat/ifthenelse.d'
removed 'src/sat/kissat/import.d'
removed 'src/sat/kissat/internal.d'
removed 'src/sat/kissat/kimits.d'
removed 'src/sat/kissat/kitten.d'
removed 'src/sat/kissat/krite.d'
removed 'src/sat/kissat/learn.d'
removed 'src/sat/kissat/logging.d'
removed 'src/sat/kissat/kucky.d'
removed 'src/sat/kissat/minimize.d'
removed 'src/sat/kissat/mode.d'
removed 'src/sat/kissat/kptions.d'
removed 'src/sat/kissat/phases.d'
removed 'src/sat/kissat/preprocess.d'
removed 'src/sat/kissat/print.d'
removed 'src/sat/kissat/probe.d'
removed 'src/sat/kissat/profile.d'
removed 'src/sat/kissat/promote.d'
removed 'src/sat/kissat/proof.d'
removed 'src/sat/kissat/propbeyond.d'
removed 'src/sat/kissat/propdense.d'
removed 'src/sat/kissat/propinitially.d'
removed 'src/sat/kissat/proprobe.d'
removed 'src/sat/kissat/propsearch.d'
removed 'src/sat/kissat/queue.d'
removed 'src/sat/kissat/reduce.d'
removed 'src/sat/kissat/reluctant.d'
removed 'src/sat/kissat/reorder.d'
removed 'src/sat/kissat/rephase.d'
removed 'src/sat/kissat/report.d'
removed 'src/sat/kissat/resize.d'
removed 'src/sat/kissat/resolve.d'
removed 'src/sat/kissat/resources.d'
removed 'src/sat/kissat/restart.d'
removed 'src/sat/kissat/search.d'
removed 'src/sat/kissat/shrink.d'
removed 'src/sat/kissat/smooth.d'
removed 'src/sat/kissat/sort.d'
removed 'src/sat/kissat/stack.d'
removed 'src/sat/kissat/statistics.d'
removed 'src/sat/kissat/strengthen.d'
removed 'src/sat/kissat/substitute.d'
removed 'src/sat/kissat/sweep.d'
removed 'src/sat/kissat/terminate.d'
removed 'src/sat/kissat/tiers.d'
removed 'src/sat/kissat/trail.d'
removed 'src/sat/kissat/transitive.d'
removed 'src/sat/kissat/utilities.d'
removed 'src/sat/kissat/vector.d'
removed 'src/sat/kissat/vivify.d'
removed 'src/sat/kissat/walk.d'
removed 'src/sat/kissat/warmup.d'
removed 'src/sat/kissat/watch.d'
removed 'src/sat/kissat/weaken.d'
removed 'src/sat/cadical/cadicalSolver.d'
removed 'src/sat/cadical/cadicalTest.d'
removed 'src/sat/cadical/cadical_kitten.d'
removed 'src/bool/bdc/bdcCore.d'
removed 'src/bool/bdc/bdcDec.d'
removed 'src/bool/bdc/bdcSpfd.d'
removed 'src/bool/bdc/bdcTable.d'
removed 'src/bool/dec/decAbc.d'
removed 'src/bool/dec/decFactor.d'
removed 'src/bool/dec/decMan.d'
removed 'src/bool/dec/decPrint.d'
removed 'src/bool/dec/decUtil.d'
removed 'src/bool/kit/kitAig.d'
removed 'src/bool/kit/kitBdd.d'
removed 'src/bool/kit/kitCloud.d'
removed 'src/bool/kit/cloud.d'
removed 'src/bool/kit/kitDsd.d'
removed 'src/bool/kit/kitFactor.d'
removed 'src/bool/kit/kitGraph.d'
removed 'src/bool/kit/kitHop.d'
removed 'src/bool/kit/kitIsop.d'
removed 'src/bool/kit/kitPla.d'
removed 'src/bool/kit/kitSop.d'
removed 'src/bool/kit/kitTruth.d'
removed 'src/bool/lucky/lucky.d'
removed 'src/bool/lucky/luckyFast16.d'
removed 'src/bool/lucky/luckyFast6.d'
removed 'src/bool/lucky/luckyRead.d'
removed 'src/bool/lucky/luckySimple.d'
removed 'src/bool/lucky/luckySwapIJ.d'
removed 'src/bool/lucky/luckySwap.d'
removed 'src/bool/rsb/rsbDec6.d'
removed 'src/bool/rsb/rsbMan.d'
removed 'src/bool/rpo/rpo.d'
removed 'src/proof/pdr/gipsat/gipMan.d'
removed 'src/proof/pdr/gipsat/gipMain.d'
removed 'src/proof/pdr/gipsat/gipCdb.d'
removed 'src/proof/pdr/gipsat/gipProp.d'
removed 'src/proof/pdr/gipsat/gipAnalyze.d'
removed 'src/proof/pdr/gipsat/gipSearch.d'
removed 'src/proof/pdr/gipsat/gipVsids.d'
removed 'src/proof/pdr/gipsat/gipDomain.d'
removed 'src/proof/pdr/gipsat/gipSimp.d'
removed 'src/proof/pdr/pdrCnf.d'
removed 'src/proof/pdr/pdrCore.d'
removed 'src/proof/pdr/pdrIncr.d'
removed 'src/proof/pdr/pdrInv.d'
removed 'src/proof/pdr/pdrMan.d'
removed 'src/proof/pdr/pdrSat.d'
removed 'src/proof/pdr/pdrTsim.d'
removed 'src/proof/pdr/pdrTsim2.d'
removed 'src/proof/pdr/pdrTsim3.d'
removed 'src/proof/pdr/pdrUtil.d'
removed 'src/proof/abs/absDup.d'
removed 'src/proof/abs/absGla.d'
removed 'src/proof/abs/absGlaOld.d'
removed 'src/proof/abs/absIter.d'
removed 'src/proof/abs/absOldCex.d'
removed 'src/proof/abs/absOldRef.d'
removed 'src/proof/abs/absOldSat.d'
removed 'src/proof/abs/absOldSim.d'
removed 'src/proof/abs/absOut.d'
removed 'src/proof/abs/absPth.d'
removed 'src/proof/abs/absRef.d'
removed 'src/proof/abs/absRefSelect.d'
removed 'src/proof/abs/absRpm.d'
removed 'src/proof/abs/absRpmOld.d'
removed 'src/proof/abs/absVta.d'
removed 'src/proof/abs/absUtil.d'
removed 'src/proof/live/liveness.d'
removed 'src/proof/live/liveness_sim.d'
removed 'src/proof/live/ltl_parser.d'
removed 'src/proof/live/kliveness.d'
removed 'src/proof/live/monotone.d'
removed 'src/proof/live/disjunctiveMonotone.d'
removed 'src/proof/live/arenaViolation.d'
removed 'src/proof/live/kLiveConstraints.d'
removed 'src/proof/live/combination.d'
removed 'src/proof/ssc/sscClass.d'
removed 'src/proof/ssc/sscCore.d'
removed 'src/proof/ssc/sscSat.d'
removed 'src/proof/ssc/sscSim.d'
removed 'src/proof/ssc/sscUtil.d'
removed 'src/proof/int/intCheck.d'
removed 'src/proof/int/intContain.d'
removed 'src/proof/int/intCore.d'
removed 'src/proof/int/intCtrex.d'
removed 'src/proof/int/intDup.d'
removed 'src/proof/int/intFrames.d'
removed 'src/proof/int/intInter.d'
removed 'src/proof/int/intM114.d'
removed 'src/proof/int/intMan.d'
removed 'src/proof/int/intUtil.d'
removed 'src/proof/cec/cecCec.d'
removed 'src/proof/cec/cecChoice.d'
removed 'src/proof/cec/cecClass.d'
removed 'src/proof/cec/cecCore.d'
removed 'src/proof/cec/cecCorr.d'
removed 'src/proof/cec/cecCorr2.d'
removed 'src/proof/cec/cecCorrCert.d'
removed 'src/proof/cec/cecCorrDyn.d'
removed 'src/proof/cec/cecCorrIncr.d'
removed 'src/proof/cec/cecCorrIncrSim.d'
removed 'src/proof/cec/cecIso.d'
removed 'src/proof/cec/cecMan.d'
removed 'src/proof/cec/cecPat.d'
removed 'src/proof/cec/cecProve.d'
removed 'src/proof/cec/cecSat.d'
removed 'src/proof/cec/cecSatG.d'
removed 'src/proof/cec/cecSatG2.d'
removed 'src/proof/cec/cecSatG3.d'
removed 'src/proof/cec/cecSeq.d'
removed 'src/proof/cec/cecSim.d'
removed 'src/proof/cec/cecSolve.d'
removed 'src/proof/cec/cecSolveG.d'
removed 'src/proof/cec/cecSplit.d'
removed 'src/proof/cec/cecSynth.d'
removed 'src/proof/cec/cecSweep.d'
removed 'src/proof/acec/acecCl.d'
removed 'src/proof/acec/acecCore.d'
removed 'src/proof/acec/acecCo.d'
removed 'src/proof/acec/acecBo.d'
removed 'src/proof/acec/acecRe.d'
removed 'src/proof/acec/acecPa.d'
removed 'src/proof/acec/acecPo.d'
removed 'src/proof/acec/acecPool.d'
removed 'src/proof/acec/acecCover.d'
removed 'src/proof/acec/acecFadds.d'
removed 'src/proof/acec/acecMult.d'
removed 'src/proof/acec/acecNorm.d'
removed 'src/proof/acec/acecOrder.d'
removed 'src/proof/acec/acecPolyn.d'
removed 'src/proof/acec/acecSt.d'
removed 'src/proof/acec/acecTree.d'
removed 'src/proof/acec/acecUtil.d'
removed 'src/proof/acec/acec2Mult.d'
removed 'src/proof/acec/acecXor.d'
removed 'src/proof/dch/dchAig.d'
removed 'src/proof/dch/dchChoice.d'
removed 'src/proof/dch/dchClass.d'
removed 'src/proof/dch/dchCnf.d'
removed 'src/proof/dch/dchCore.d'
removed 'src/proof/dch/dchMan.d'
removed 'src/proof/dch/dchSat.d'
removed 'src/proof/dch/dchSim.d'
removed 'src/proof/dch/dchSimSat.d'
removed 'src/proof/dch/dchSweep.d'
removed 'src/proof/fraig/fraigApi.d'
removed 'src/proof/fraig/fraigCanon.d'
removed 'src/proof/fraig/fraigFanout.d'
removed 'src/proof/fraig/fraigFeed.d'
removed 'src/proof/fraig/fraigMan.d'
removed 'src/proof/fraig/fraigMem.d'
removed 'src/proof/fraig/fraigNode.d'
removed 'src/proof/fraig/fraigPrime.d'
removed 'src/proof/fraig/fraigSat.d'
removed 'src/proof/fraig/fraigTable.d'
removed 'src/proof/fraig/fraigUtil.d'
removed 'src/proof/fraig/fraigVec.d'
removed 'src/proof/fra/fraBmc.d'
removed 'src/proof/fra/fraCec.d'
removed 'src/proof/fra/fraClass.d'
removed 'src/proof/fra/fraClau.d'
removed 'src/proof/fra/fraClaus.d'
removed 'src/proof/fra/fraCnf.d'
removed 'src/proof/fra/fraCore.d'
removed 'src/proof/fra/fraHot.d'
removed 'src/proof/fra/fraImp.d'
removed 'src/proof/fra/fraInd.d'
removed 'src/proof/fra/fraIndVer.d'
removed 'src/proof/fra/fraLcr.d'
removed 'src/proof/fra/fraMan.d'
removed 'src/proof/fra/fraPart.d'
removed 'src/proof/fra/fraSat.d'
removed 'src/proof/fra/fraSec.d'
removed 'src/proof/fra/fraSim.d'
removed 'src/proof/ssw/sswAig.d'
removed 'src/proof/ssw/sswBmc.d'
removed 'src/proof/ssw/sswClass.d'
removed 'src/proof/ssw/sswCnf.d'
removed 'src/proof/ssw/sswConstr.d'
removed 'src/proof/ssw/sswCore.d'
removed 'src/proof/ssw/sswDyn.d'
removed 'src/proof/ssw/sswFilter.d'
removed 'src/proof/ssw/sswIslands.d'
removed 'src/proof/ssw/sswLcorr.d'
removed 'src/proof/ssw/sswMan.d'
removed 'src/proof/ssw/sswPart.d'
removed 'src/proof/ssw/sswPairs.d'
removed 'src/proof/ssw/sswRarity.d'
removed 'src/proof/ssw/sswSat.d'
removed 'src/proof/ssw/sswSemi.d'
removed 'src/proof/ssw/sswSim.d'
removed 'src/proof/ssw/sswSimSat.d'
removed 'src/proof/ssw/sswSweep.d'
removed 'src/proof/ssw/sswUnique.d'
removed 'src/aig/aig/aigCheck.d'
removed 'src/aig/aig/aigCanon.d'
removed 'src/aig/aig/aigCuts.d'
removed 'src/aig/aig/aigDfs.d'
removed 'src/aig/aig/aigDup.d'
removed 'src/aig/aig/aigFanout.d'
removed 'src/aig/aig/aigFrames.d'
removed 'src/aig/aig/aigInter.d'
removed 'src/aig/aig/aigJust.d'
removed 'src/aig/aig/aigMan.d'
removed 'src/aig/aig/aigMem.d'
removed 'src/aig/aig/aigMffc.d'
removed 'src/aig/aig/aigObj.d'
removed 'src/aig/aig/aigOper.d'
removed 'src/aig/aig/aigOrder.d'
removed 'src/aig/aig/aigPack.d'
removed 'src/aig/aig/aigPart.d'
removed 'src/aig/aig/aigPartReg.d'
removed 'src/aig/aig/aigPartSat.d'
removed 'src/aig/aig/aigRepr.d'
removed 'src/aig/aig/aigRet.d'
removed 'src/aig/aig/aigRetF.d'
removed 'src/aig/aig/aigScl.d'
removed 'src/aig/aig/aigShow.d'
removed 'src/aig/aig/aigSplit.d'
removed 'src/aig/aig/aigTable.d'
removed 'src/aig/aig/aigTiming.d'
removed 'src/aig/aig/aigTruth.d'
removed 'src/aig/aig/aigTsim.d'
removed 'src/aig/aig/aigUtil.d'
removed 'src/aig/aig/aigWin.d'
removed 'src/aig/saig/saigCone.d'
removed 'src/aig/saig/saigConstr.d'
removed 'src/aig/saig/saigConstr2.d'
removed 'src/aig/saig/saigDual.d'
removed 'src/aig/saig/saigDup.d'
removed 'src/aig/saig/saigInd.d'
removed 'src/aig/saig/saigIoa.d'
removed 'src/aig/saig/saigIso.d'
removed 'src/aig/saig/saigIsoFast.d'
removed 'src/aig/saig/saigIsoSlow.d'
removed 'src/aig/saig/saigMiter.d'
removed 'src/aig/saig/saigOutDec.d'
removed 'src/aig/saig/saigPhase.d'
removed 'src/aig/saig/saigRetFwd.d'
removed 'src/aig/saig/saigRetMin.d'
removed 'src/aig/saig/saigRetStep.d'
removed 'src/aig/saig/saigScl.d'
removed 'src/aig/saig/saigSimFast.d'
removed 'src/aig/saig/saigSimMv.d'
removed 'src/aig/saig/saigSimSeq.d'
removed 'src/aig/saig/saigStrSim.d'
removed 'src/aig/saig/saigSwitch.d'
removed 'src/aig/saig/saigSynch.d'
removed 'src/aig/saig/saigTempor.d'
removed 'src/aig/saig/saigTrans.d'
removed 'src/aig/saig/saigWnd.d'
removed 'src/aig/gia/giaAig.d'
removed 'src/aig/gia/giaAgi.d'
removed 'src/aig/gia/giaAiger.d'
removed 'src/aig/gia/giaAigerExt.d'
removed 'src/aig/gia/giaBalAig.d'
removed 'src/aig/gia/giaBalLut.d'
removed 'src/aig/gia/giaBalMap.d'
removed 'src/aig/gia/giaBidec.d'
removed 'src/aig/gia/giaBsFind.d'
removed 'src/aig/gia/giaCCof.d'
removed 'src/aig/gia/giaCex.d'
removed 'src/aig/gia/giaClp.d'
removed 'src/aig/gia/giaCof.d'
removed 'src/aig/gia/giaCone.d'
removed 'src/aig/gia/giaCSatOld.d'
removed 'src/aig/gia/giaCSat.d'
removed 'src/aig/gia/giaCSat2.d'
removed 'src/aig/gia/giaCSat3.d'
removed 'src/aig/gia/giaCSatP.d'
removed 'src/aig/gia/giaCTas.d'
removed 'src/aig/gia/giaCut.d'
removed 'src/aig/gia/giaDecs.d'
removed 'src/aig/gia/giaDeep.d'
removed 'src/aig/gia/giaDfs.d'
removed 'src/aig/gia/giaDup.d'
removed 'src/aig/gia/giaEdge.d'
removed 'src/aig/gia/giaEmbed.d'
removed 'src/aig/gia/giaEnable.d'
removed 'src/aig/gia/giaEquiv.d'
removed 'src/aig/gia/giaEra.d'
removed 'src/aig/gia/giaEra2.d'
removed 'src/aig/gia/giaEsop.d'
removed 'src/aig/gia/giaExist.d'
removed 'src/aig/gia/giaFalse.d'
removed 'src/aig/gia/giaFanout.d'
removed 'src/aig/gia/giaForce.d'
removed 'src/aig/gia/giaFrames.d'
removed 'src/aig/gia/giaFront.d'
removed 'src/aig/gia/giaFx.d'
removed 'src/aig/gia/giaGen.d'
removed 'src/aig/gia/giaGig.d'
removed 'src/aig/gia/giaGlitch.d'
removed 'src/aig/gia/giaHash.d'
removed 'src/aig/gia/giaIf.d'
removed 'src/aig/gia/giaIff.d'
removed 'src/aig/gia/giaIiff.d'
removed 'src/aig/gia/giaIso.d'
removed 'src/aig/gia/giaIso2.d'
removed 'src/aig/gia/giaIso3.d'
removed 'src/aig/gia/giaJf.d'
removed 'src/aig/gia/giaKf.d'
removed 'src/aig/gia/giaLf.d'
removed 'src/aig/gia/giaLutCas.d'
removed 'src/aig/gia/giaMf.d'
removed 'src/aig/gia/giaMan.d'
removed 'src/aig/gia/giaMem.d'
removed 'src/aig/gia/giaMfs.d'
removed 'src/aig/gia/giaMini.d'
removed 'src/aig/gia/giaMinLut.d'
removed 'src/aig/gia/giaMinLut2.d'
removed 'src/aig/gia/giaMulFind.d'
removed 'src/aig/gia/giaMulFind3.d'
removed 'src/aig/gia/giaMuxes.d'
removed 'src/aig/gia/giaNf.d'
removed 'src/aig/gia/giaOf.d'
removed 'src/aig/gia/giaPack.d'
removed 'src/aig/gia/giaPat.d'
removed 'src/aig/gia/giaPat2.d'
removed 'src/aig/gia/giaPf.d'
removed 'src/aig/gia/giaQbf.d'
removed 'src/aig/gia/giaReshape1.d'
removed 'src/aig/gia/giaReshape2.d'
removed 'src/aig/gia/giaResub.d'
removed 'src/aig/gia/giaResub2.d'
removed 'src/aig/gia/giaResub3.d'
removed 'src/aig/gia/giaResub6.d'
removed 'src/aig/gia/giaRetime.d'
removed 'src/aig/gia/giaRex.d'
removed 'src/aig/gia/giaSatEdge.d'
removed 'src/aig/gia/giaSatLE.d'
removed 'src/aig/gia/giaSatLut.d'
removed 'src/aig/gia/giaSatMap.d'
removed 'src/aig/gia/giaSatoko.d'
removed 'src/aig/gia/giaSatSyn.d'
removed 'src/aig/gia/giaSat3.d'
removed 'src/aig/gia/giaScl.d'
removed 'src/aig/gia/giaScript.d'
removed 'src/aig/gia/giaShow.d'
removed 'src/aig/gia/giaShrink.d'
removed 'src/aig/gia/giaShrink6.d'
removed 'src/aig/gia/giaShrink7.d'
removed 'src/aig/gia/giaSif.d'
removed 'src/aig/gia/giaSim.d'
removed 'src/aig/gia/giaSim2.d'
removed 'src/aig/gia/giaSimBase.d'
removed 'src/aig/gia/giaSort.d'
removed 'src/aig/gia/giaSpeedup.d'
removed 'src/aig/gia/giaSplit.d'
removed 'src/aig/gia/giaStg.d'
removed 'src/aig/gia/giaStoch.d'
removed 'src/aig/gia/giaStr.d'
removed 'src/aig/gia/giaSupMin.d'
removed 'src/aig/gia/giaSupp.d'
removed 'src/aig/gia/giaSupps.d'
removed 'src/aig/gia/giaSweep.d'
removed 'src/aig/gia/giaSweeper.d'
removed 'src/aig/gia/giaSwitch.d'
removed 'src/aig/gia/giaTim.d'
removed 'src/aig/gia/giaTis.d'
removed 'src/aig/gia/giaTranStoch.d'
removed 'src/aig/gia/giaTruth.d'
removed 'src/aig/gia/giaTsim.d'
removed 'src/aig/gia/giaUnate.d'
removed 'src/aig/gia/giaUtil.d'
removed 'src/aig/gia/giaBound.d'
removed 'src/aig/ioa/ioaReadAig.d'
removed 'src/aig/ioa/ioaWriteAig.d'
removed 'src/aig/ioa/ioaUtil.d'
removed 'src/aig/ivy/ivyBalance.d'
removed 'src/aig/ivy/ivyCanon.d'
removed 'src/aig/ivy/ivyCheck.d'
removed 'src/aig/ivy/ivyCut.d'
removed 'src/aig/ivy/ivyCutTrav.d'
removed 'src/aig/ivy/ivyDfs.d'
removed 'src/aig/ivy/ivyDsd.d'
removed 'src/aig/ivy/ivyFanout.d'
removed 'src/aig/ivy/ivyFastMap.d'
removed 'src/aig/ivy/ivyFraig.d'
removed 'src/aig/ivy/ivyHaig.d'
removed 'src/aig/ivy/ivyMan.d'
removed 'src/aig/ivy/ivyMem.d'
removed 'src/aig/ivy/ivyMulti.d'
removed 'src/aig/ivy/ivyObj.d'
removed 'src/aig/ivy/ivyOper.d'
removed 'src/aig/ivy/ivyResyn.d'
removed 'src/aig/ivy/ivyRwr.d'
removed 'src/aig/ivy/ivySeq.d'
removed 'src/aig/ivy/ivyShow.d'
removed 'src/aig/ivy/ivyTable.d'
removed 'src/aig/ivy/ivyUtil.d'
removed 'src/aig/hop/hopBalance.d'
removed 'src/aig/hop/hopCheck.d'
removed 'src/aig/hop/hopDfs.d'
removed 'src/aig/hop/hopMan.d'
removed 'src/aig/hop/hopMem.d'
removed 'src/aig/hop/hopObj.d'
removed 'src/aig/hop/hopOper.d'
removed 'src/aig/hop/hopTable.d'
removed 'src/aig/hop/hopTruth.d'
removed 'src/aig/hop/hopUtil.d'
