{"trial": "n02-t1-exporter", "supervisor_status": "completed", "worker_status": "accepted"}
{"trial": "n02-t1-ric3", "supervisor_status": "completed", "worker_status": "accepted"}
{"trial": "n02-t1-structural", "supervisor_status": "completed", "worker_status": "structural_accepted"}
{"trial": "n04-t1-exporter", "supervisor_status": "completed", "worker_status": "accepted"}
{"trial": "n04-t1-ric3", "supervisor_status": "completed", "worker_status": "accepted"}
{"trial": "n04-t1-structural", "supervisor_status": "completed", "worker_status": "structural_accepted"}
{"trial": "n08-t1-exporter", "supervisor_status": "completed", "worker_status": "accepted"}
{"trial": "n08-t1-ric3", "supervisor_status": "resource_limit", "worker_status": null}
{"trial": "n08-t1-structural", "supervisor_status": "completed", "worker_status": "structural_accepted"}
{"trial": "n12-t1-exporter", "supervisor_status": "resource_limit", "worker_status": null}
{"trial": "n12-t1-ric3", "supervisor_status": "resource_limit", "worker_status": null}
{"trial": "n12-t1-structural", "supervisor_status": "completed", "worker_status": "structural_accepted"}
{"trial": "n16-t1-exporter", "supervisor_status": "resource_limit", "worker_status": null}
{"trial": "n16-t1-ric3", "supervisor_status": "resource_limit", "worker_status": null}
{"trial": "n16-t1-structural", "supervisor_status": "completed", "worker_status": "structural_accepted"}
{"trial": "n24-t1-exporter", "supervisor_status": "resource_limit", "worker_status": null}
{"trial": "n24-t1-ric3", "supervisor_status": "resource_limit", "worker_status": null}
{"trial": "n24-t1-structural", "supervisor_status": "completed", "worker_status": "structural_accepted"}
{"trial": "n02-t2-ric3", "supervisor_status": "completed", "worker_status": "accepted"}
{"trial": "n02-t2-exporter", "supervisor_status": "completed", "worker_status": "accepted"}
{"trial": "n02-t2-structural", "supervisor_status": "completed", "worker_status": "structural_accepted"}
{"trial": "n04-t2-ric3", "supervisor_status": "completed", "worker_status": "accepted"}
{"trial": "n04-t2-exporter", "supervisor_status": "completed", "worker_status": "accepted"}
{"trial": "n04-t2-structural", "supervisor_status": "completed", "worker_status": "structural_accepted"}
{"trial": "n08-t2-ric3", "supervisor_status": "resource_limit", "worker_status": null}
{"trial": "n08-t2-exporter", "supervisor_status": "completed", "worker_status": "accepted"}
{"trial": "n08-t2-structural", "supervisor_status": "completed", "worker_status": "structural_accepted"}
{"trial": "n12-t2-ric3", "supervisor_status": "resource_limit", "worker_status": null}
{"trial": "n12-t2-exporter", "supervisor_status": "resource_limit", "worker_status": null}
{"trial": "n12-t2-structural", "supervisor_status": "completed", "worker_status": "structural_accepted"}
{"trial": "n16-t2-ric3", "supervisor_status": "resource_limit", "worker_status": null}
{"trial": "n16-t2-exporter", "supervisor_status": "resource_limit", "worker_status": null}
{"trial": "n16-t2-structural", "supervisor_status": "completed", "worker_status": "structural_accepted"}
{"trial": "n24-t2-ric3", "supervisor_status": "resource_limit", "worker_status": null}
{"trial": "n24-t2-exporter", "supervisor_status": "resource_limit", "worker_status": null}
{"trial": "n24-t2-structural", "supervisor_status": "completed", "worker_status": "structural_accepted"}
{"trial": "n02-t3-exporter", "supervisor_status": "completed", "worker_status": "accepted"}
{"trial": "n02-t3-ric3", "supervisor_status": "completed", "worker_status": "accepted"}
{"trial": "n02-t3-structural", "supervisor_status": "completed", "worker_status": "structural_accepted"}
{"trial": "n04-t3-exporter", "supervisor_status": "completed", "worker_status": "accepted"}
{"trial": "n04-t3-ric3", "supervisor_status": "completed", "worker_status": "accepted"}
{"trial": "n04-t3-structural", "supervisor_status": "completed", "worker_status": "structural_accepted"}
{"trial": "n08-t3-exporter", "supervisor_status": "completed", "worker_status": "accepted"}
{"trial": "n08-t3-ric3", "supervisor_status": "resource_limit", "worker_status": null}
{"trial": "n08-t3-structural", "supervisor_status": "completed", "worker_status": "structural_accepted"}
{"trial": "n12-t3-exporter", "supervisor_status": "resource_limit", "worker_status": null}
{"trial": "n12-t3-ric3", "supervisor_status": "resource_limit", "worker_status": null}
{"trial": "n12-t3-structural", "supervisor_status": "completed", "worker_status": "structural_accepted"}
{"trial": "n16-t3-exporter", "supervisor_status": "resource_limit", "worker_status": null}
{"trial": "n16-t3-ric3", "supervisor_status": "resource_limit", "worker_status": null}
{"trial": "n16-t3-structural", "supervisor_status": "completed", "worker_status": "structural_accepted"}
{"trial": "n24-t3-exporter", "supervisor_status": "resource_limit", "worker_status": null}
{"trial": "n24-t3-ric3", "supervisor_status": "resource_limit", "worker_status": null}
{"trial": "n24-t3-structural", "supervisor_status": "completed", "worker_status": "structural_accepted"}
