gcc -march=native -std=c99 -O3 -Werror -Wall -Wextra -Wstrict-aliasing=1 -Wpedantic -Wshadow -Wconversion -Wvla -Wcast-align -Iinclude -c apps/smokerand.c -o obj/smokerand.o
gcc -march=native -std=c99 -O3 -Werror -Wall -Wextra -Wstrict-aliasing=1 -Wpedantic -Wshadow -Wconversion -Wvla -Wcast-align -Iinclude -c src/base64.c -o obj/base64.o
gcc -march=native -std=c99 -O3 -Werror -Wall -Wextra -Wstrict-aliasing=1 -Wpedantic -Wshadow -Wconversion -Wvla -Wcast-align -Iinclude -c src/core.c -o obj/core.o
gcc -march=native -std=c99 -O3 -Werror -Wall -Wextra -Wstrict-aliasing=1 -Wpedantic -Wshadow -Wconversion -Wvla -Wcast-align -Iinclude -c src/coretests.c -o obj/coretests.o
gcc -march=native -std=c99 -O3 -Werror -Wall -Wextra -Wstrict-aliasing=1 -Wpedantic -Wshadow -Wconversion -Wvla -Wcast-align -Iinclude -c src/cpuinfo.c -o obj/cpuinfo.o
gcc -march=native -std=c99 -O3 -Werror -Wall -Wextra -Wstrict-aliasing=1 -Wpedantic -Wshadow -Wconversion -Wvla -Wcast-align -Iinclude -c src/blake2s.c -o obj/blake2s.o
gcc -march=native -std=c99 -O3 -Werror -Wall -Wextra -Wstrict-aliasing=1 -Wpedantic -Wshadow -Wconversion -Wvla -Wcast-align -Iinclude -c src/entropy.c -o obj/entropy.o
gcc -march=native -std=c99 -O3 -Werror -Wall -Wextra -Wstrict-aliasing=1 -Wpedantic -Wshadow -Wconversion -Wvla -Wcast-align -Iinclude -c src/extratests.c -o obj/extratests.o
gcc -march=native -std=c99 -O3 -Werror -Wall -Wextra -Wstrict-aliasing=1 -Wpedantic -Wshadow -Wconversion -Wvla -Wcast-align -Iinclude -c src/fileio.c -o obj/fileio.o
gcc -march=native -std=c99 -O3 -Werror -Wall -Wextra -Wstrict-aliasing=1 -Wpedantic -Wshadow -Wconversion -Wvla -Wcast-align -Iinclude -c src/lfsr_period.c -o obj/lfsr_period.o
gcc -march=native -std=c99 -O3 -Werror -Wall -Wextra -Wstrict-aliasing=1 -Wpedantic -Wshadow -Wconversion -Wvla -Wcast-align -Iinclude -c src/lfsr_period_factors.c -o obj/lfsr_period_factors.o
gcc -march=native -std=c99 -O3 -Werror -Wall -Wextra -Wstrict-aliasing=1 -Wpedantic -Wshadow -Wconversion -Wvla -Wcast-align -Iinclude -c src/lineardep.c -o obj/lineardep.o
src/lineardep.c: In function ‘xorbits’:
src/lineardep.c:26:13: note: ‘#pragma message: AVX2 version will be compiled’
   26 |     #pragma message ("AVX2 version will be compiled")
      |             ^~~~~~~
gcc -march=native -std=c99 -O3 -Werror -Wall -Wextra -Wstrict-aliasing=1 -Wpedantic -Wshadow -Wconversion -Wvla -Wcast-align -Iinclude -c src/hwtests.c -o obj/hwtests.o
gcc -march=native -std=c99 -O3 -Werror -Wall -Wextra -Wstrict-aliasing=1 -Wpedantic -Wshadow -Wconversion -Wvla -Wcast-align -Iinclude -c src/specfuncs.c -o obj/specfuncs.o
gcc -march=native -std=c99 -O3 -Werror -Wall -Wextra -Wstrict-aliasing=1 -Wpedantic -Wshadow -Wconversion -Wvla -Wcast-align -Iinclude -c src/threads_intf.c -o obj/threads_intf.o
gcc -march=native -std=c99 -O3 -Werror -Wall -Wextra -Wstrict-aliasing=1 -Wpedantic -Wshadow -Wconversion -Wvla -Wcast-align -Iinclude -c src/bat_express.c -o obj/bat_express.o
gcc -march=native -std=c99 -O3 -Werror -Wall -Wextra -Wstrict-aliasing=1 -Wpedantic -Wshadow -Wconversion -Wvla -Wcast-align -Iinclude -c src/bat_brief.c -o obj/bat_brief.o
gcc -march=native -std=c99 -O3 -Werror -Wall -Wextra -Wstrict-aliasing=1 -Wpedantic -Wshadow -Wconversion -Wvla -Wcast-align -Iinclude -c src/bat_default.c -o obj/bat_default.o
gcc -march=native -std=c99 -O3 -Werror -Wall -Wextra -Wstrict-aliasing=1 -Wpedantic -Wshadow -Wconversion -Wvla -Wcast-align -Iinclude -c src/bat_file.c -o obj/bat_file.o
gcc -march=native -std=c99 -O3 -Werror -Wall -Wextra -Wstrict-aliasing=1 -Wpedantic -Wshadow -Wconversion -Wvla -Wcast-align -Iinclude -c src/bat_full.c -o obj/bat_full.o
gcc -march=native -std=c99 -O3 -Werror -Wall -Wextra -Wstrict-aliasing=1 -Wpedantic -Wshadow -Wconversion -Wvla -Wcast-align -Iinclude -c src/bat_special.c -o obj/bat_special.o
gcc -march=native -std=c99 -O3 -Werror -Wall -Wextra -Wstrict-aliasing=1 -Wpedantic -Wshadow -Wconversion -Wvla -Wcast-align -Iinclude -fPIC -fno-tree-slp-vectorize -ffreestanding -nostdlib -c generators/shr3.c -o bin/generators/obj/shr3.o
gcc -march=native -std=c99 -O3 -Werror -Wall -Wextra -Wstrict-aliasing=1 -Wpedantic -Wshadow -Wconversion -Wvla -Wcast-align -Iinclude -fPIC -fno-tree-slp-vectorize -ffreestanding -nostdlib -c generators/xoroshiro128pp.c -o bin/generators/obj/xoroshiro128pp.o
gcc -march=native -std=c99 -O3 -Werror -Wall -Wextra -Wstrict-aliasing=1 -Wpedantic -Wshadow -Wconversion -Wvla -Wcast-align -Iinclude -fPIC -fno-tree-slp-vectorize -ffreestanding -nostdlib -c generators/xoshiro256pp.c -o bin/generators/obj/xoshiro256pp.o
